[1.839s] Invoking command in '/home/unitree/new_daohan/go2-nav2-amcl/src/build/go2_perception': CMAKE_PREFIX_PATH=${CMAKE_PREFIX_PATH}:/opt/ros/foxy /usr/local/bin/cmake /home/unitree/new_daohan/go2-nav2-amcl/src/go2_perception -DCMAKE_INSTALL_PREFIX=/home/unitree/new_daohan/go2-nav2-amcl/src/install/go2_perception
[2.009s] -- The C compiler identification is GNU 9.4.0
[2.234s] -- The CXX compiler identification is GNU 9.4.0
[2.267s] -- Detecting C compiler ABI info
[2.468s] -- Detecting C compiler ABI info - done
[2.502s] -- Check for working C compiler: /usr/bin/cc - skipped
[2.502s] -- Detecting C compile features
[2.503s] -- Detecting C compile features - done
[2.513s] -- Detecting CXX compiler ABI info
[2.756s] -- Detecting CXX compiler ABI info - done
[2.862s] -- Check for working CXX compiler: /usr/bin/c++ - skipped
[2.862s] -- Detecting CXX compile features
[2.862s] -- Detecting CXX compile features - done
[2.863s] -- Found ament_cmake: 0.9.12 (/opt/ros/foxy/share/ament_cmake/cmake)
[2.865s] [33mCMake Warning (dev) at /opt/ros/foxy/share/ament_cmake_core/cmake/core/python.cmake:22 (find_package):
[2.866s]   Policy CMP0148 is not set: The FindPythonInterp and FindPythonLibs modules
[2.866s]   are removed.  Run "cmake --help-policy CMP0148" for policy details.  Use
[2.866s]   the cmake_policy command to set the policy and suppress this warning.
[2.866s] 
[2.866s] Call Stack (most recent call first):
[2.866s]   /opt/ros/foxy/share/ament_cmake_core/cmake/core/all.cmake:53 (include)
[2.866s]   /opt/ros/foxy/share/ament_cmake_core/cmake/ament_cmake_core-extras.cmake:17 (include)
[2.866s]   /opt/ros/foxy/share/ament_cmake_core/cmake/ament_cmake_coreConfig.cmake:41 (include)
[2.867s]   /opt/ros/foxy/share/ament_cmake/cmake/ament_cmake_export_dependencies-extras.cmake:15 (find_package)
[2.867s]   /opt/ros/foxy/share/ament_cmake/cmake/ament_cmakeConfig.cmake:41 (include)
[2.867s]   CMakeLists.txt:19 (find_package)
[2.867s] This warning is for project developers.  Use -Wno-dev to suppress it.
[2.867s] [0m
[2.976s] -- Found PythonInterp: /usr/bin/python3 (found suitable version "3.8.10", minimum required is "3")
[2.978s] -- Using PYTHON_EXECUTABLE: /usr/bin/python3
[3.845s] -- Found laser_geometry: 2.2.0 (/opt/ros/foxy/share/laser_geometry/cmake)
[3.896s] -- Found message_filters: 3.2.7 (/opt/ros/foxy/share/message_filters/cmake)
[3.916s] -- Found rclcpp: 2.4.3 (/opt/ros/foxy/share/rclcpp/cmake)
[4.058s] -- Using all available rosidl_typesupport_c: rosidl_typesupport_fastrtps_c;rosidl_typesupport_introspection_c
[4.087s] -- Found rosidl_adapter: 1.3.1 (/opt/ros/foxy/share/rosidl_adapter/cmake)
[4.407s] -- Found OpenSSL: /usr/lib/aarch64-linux-gnu/libcrypto.so (found version "1.1.1f")
[4.490s] -- Found FastRTPS: /opt/ros/foxy/include
[4.726s] -- Using all available rosidl_typesupport_cpp: rosidl_typesupport_fastrtps_cpp;rosidl_typesupport_introspection_cpp
[4.930s] -- Found rmw_implementation_cmake: 1.0.4 (/opt/ros/foxy/share/rmw_implementation_cmake/cmake)
[4.938s] -- Using RMW implementation 'rmw_cyclonedds_cpp' as default
[4.944s] -- Performing Test CMAKE_HAVE_LIBC_PTHREAD
[5.214s] -- Performing Test CMAKE_HAVE_LIBC_PTHREAD - Failed
[5.215s] -- Looking for pthread_create in pthreads
[5.484s] -- Looking for pthread_create in pthreads - not found
[5.484s] -- Looking for pthread_create in pthread
[5.761s] -- Looking for pthread_create in pthread - found
[5.765s] -- Found Threads: TRUE
[6.221s] -- Found rclcpp_components: 2.4.3 (/opt/ros/foxy/share/rclcpp_components/cmake)
[6.530s] -- Found sensor_msgs: 2.0.5 (/opt/ros/foxy/share/sensor_msgs/cmake)
[6.862s] -- Found tf2: 0.13.14 (/opt/ros/foxy/share/tf2/cmake)
[6.891s] -- Found tf2_ros: 0.13.14 (/opt/ros/foxy/share/tf2_ros/cmake)
[7.585s] -- Found tf2_sensor_msgs: 0.13.14 (/opt/ros/foxy/share/tf2_sensor_msgs/cmake)
[7.762s] -- Found ament_lint_auto: 0.9.8 (/opt/ros/foxy/share/ament_lint_auto/cmake)
[8.162s] -- Added test 'copyright' to check source files copyright and LICENSE
[8.170s] -- Added test 'cppcheck' to perform static code analysis on C / C++ code
[8.170s] -- Configured cppcheck include dirs: /home/unitree/new_daohan/go2-nav2-amcl/src/go2_perception/include
[8.171s] -- Configured cppcheck exclude dirs and/or files: 
[8.173s] -- Added test 'cpplint' to check C / C++ code against the Google style
[8.174s] -- Configured cpplint exclude dirs and/or files: 
[8.177s] -- Added test 'flake8' to check Python code syntax and style conventions
[8.186s] -- Added test 'lint_cmake' to check CMake code style
[8.187s] -- Added test 'pep257' to check Python code against some of the style conventions in PEP 257
[8.191s] -- Added test 'uncrustify' to check C / C++ code style
[8.191s] -- Configured uncrustify additional arguments: 
[8.193s] -- Added test 'xmllint' to check XML markup files
[8.202s] -- Configuring done (6.3s)
[8.270s] -- Generating done (0.1s)
[8.282s] -- Build files have been written to: /home/unitree/new_daohan/go2-nav2-amcl/src/build/go2_perception
[9.021s] Invoked command in '/home/unitree/new_daohan/go2-nav2-amcl/src/build/go2_perception' returned '0': CMAKE_PREFIX_PATH=${CMAKE_PREFIX_PATH}:/opt/ros/foxy /usr/local/bin/cmake /home/unitree/new_daohan/go2-nav2-amcl/src/go2_perception -DCMAKE_INSTALL_PREFIX=/home/unitree/new_daohan/go2-nav2-amcl/src/install/go2_perception
[9.029s] Invoking command in '/home/unitree/new_daohan/go2-nav2-amcl/src/build/go2_perception': CMAKE_PREFIX_PATH=${CMAKE_PREFIX_PATH}:/opt/ros/foxy /usr/local/bin/cmake --build /home/unitree/new_daohan/go2-nav2-amcl/src/build/go2_perception -- -j6 -l6
[9.329s] [ 16%] [32mBuilding CXX object CMakeFiles/cloud_accumulation.dir/src/cloud_accumulation.cpp.o[0m
[9.335s] [ 33%] [32mBuilding CXX object CMakeFiles/pointcloud_to_laserscan.dir/src/pointcloud_to_laserscan_node.cpp.o[0m
[9.375s] [ 50%] [32mBuilding CXX object CMakeFiles/pointcloud_to_laserscan_node.dir/rclcpp_components/node_main_pointcloud_to_laserscan_node.cpp.o[0m
[10.267s] [01m[K/home/unitree/new_daohan/go2-nav2-amcl/src/go2_perception/src/pointcloud_to_laserscan_node.cpp:52:10:[m[K [01;31m[Kfatal error: [m[Ktf2_sensor_msgs/tf2_sensor_msgs.hpp: 没有那个文件或目录
[10.268s]    52 | #include [01;31m[K"tf2_sensor_msgs/tf2_sensor_msgs.hpp"[m[K
[10.268s]       |          [01;31m[K^~~~~~~~~~~~~~~~~~~~~~~~~~~~~~~~~~~~~[m[K
[10.268s] compilation terminated.
[10.291s] make[2]: *** [CMakeFiles/pointcloud_to_laserscan.dir/build.make:76：CMakeFiles/pointcloud_to_laserscan.dir/src/pointcloud_to_laserscan_node.cpp.o] 错误 1
[10.292s] make[1]: *** [CMakeFiles/Makefile2:141：CMakeFiles/pointcloud_to_laserscan.dir/all] 错误 2
[10.292s] make[1]: *** 正在等待未完成的任务....
[18.193s] [ 66%] [32m[1mLinking CXX executable pointcloud_to_laserscan_node[0m
[18.837s] [ 66%] Built target pointcloud_to_laserscan_node
[29.814s] [ 83%] [32m[1mLinking CXX executable cloud_accumulation[0m
[31.480s] [ 83%] Built target cloud_accumulation
[31.485s] make: *** [Makefile:146：all] 错误 2
[31.499s] Invoked command in '/home/unitree/new_daohan/go2-nav2-amcl/src/build/go2_perception' returned '2': CMAKE_PREFIX_PATH=${CMAKE_PREFIX_PATH}:/opt/ros/foxy /usr/local/bin/cmake --build /home/unitree/new_daohan/go2-nav2-amcl/src/build/go2_perception -- -j6 -l6
