[3.630s] Invoking command in '/home/unitree/new_daohan/go2-nav2-amcl/src/build/go2_driver': CMAKE_PREFIX_PATH=${CMAKE_PREFIX_PATH}:/opt/ros/foxy /usr/local/bin/cmake /home/unitree/new_daohan/go2-nav2-amcl/src/base/go2_driver -DCMAKE_INSTALL_PREFIX=/home/unitree/new_daohan/go2-nav2-amcl/src/install/go2_driver
[3.822s] -- The C compiler identification is GNU 9.4.0
[4.023s] -- The CXX compiler identification is GNU 9.4.0
[4.053s] -- Detecting C compiler ABI info
[4.255s] -- Detecting C compiler ABI info - done
[4.324s] -- Check for working C compiler: /usr/bin/cc - skipped
[4.325s] -- Detecting C compile features
[4.327s] -- Detecting C compile features - done
[4.342s] -- Detecting CXX compiler ABI info
[4.673s] -- Detecting CXX compiler ABI info - done
[4.709s] -- Check for working CXX compiler: /usr/bin/c++ - skipped
[4.709s] -- Detecting CXX compile features
[4.711s] -- Detecting CXX compile features - done
[4.734s] -- Found ament_cmake: 0.9.12 (/opt/ros/foxy/share/ament_cmake/cmake)
[4.765s] [33mCMake Warning (dev) at /opt/ros/foxy/share/ament_cmake_core/cmake/core/python.cmake:22 (find_package):
[4.768s]   Policy CMP0148 is not set: The FindPythonInterp and FindPythonLibs modules
[4.769s]   are removed.  Run "cmake --help-policy CMP0148" for policy details.  Use
[4.769s]   the cmake_policy command to set the policy and suppress this warning.
[4.769s] 
[4.769s] Call Stack (most recent call first):
[4.770s]   /opt/ros/foxy/share/ament_cmake_core/cmake/core/all.cmake:53 (include)
[4.770s]   /opt/ros/foxy/share/ament_cmake_core/cmake/ament_cmake_core-extras.cmake:17 (include)
[4.770s]   /opt/ros/foxy/share/ament_cmake_core/cmake/ament_cmake_coreConfig.cmake:41 (include)
[4.771s]   /opt/ros/foxy/share/ament_cmake/cmake/ament_cmake_export_dependencies-extras.cmake:15 (find_package)
[4.771s]   /opt/ros/foxy/share/ament_cmake/cmake/ament_cmakeConfig.cmake:41 (include)
[4.773s]   CMakeLists.txt:9 (find_package)
[4.776s] This warning is for project developers.  Use -Wno-dev to suppress it.
[4.777s] [0m
[4.842s] -- Found PythonInterp: /usr/bin/python3 (found suitable version "3.8.10", minimum required is "3")
[4.844s] -- Using PYTHON_EXECUTABLE: /usr/bin/python3
[5.557s] -- Found rclcpp: 2.4.3 (/opt/ros/foxy/share/rclcpp/cmake)
[5.700s] -- Using all available rosidl_typesupport_c: rosidl_typesupport_fastrtps_c;rosidl_typesupport_introspection_c
[5.730s] -- Found rosidl_adapter: 1.3.1 (/opt/ros/foxy/share/rosidl_adapter/cmake)
[6.043s] -- Found OpenSSL: /usr/lib/aarch64-linux-gnu/libcrypto.so (found version "1.1.1f")
[6.155s] -- Found FastRTPS: /opt/ros/foxy/include
[6.383s] -- Using all available rosidl_typesupport_cpp: rosidl_typesupport_fastrtps_cpp;rosidl_typesupport_introspection_cpp
[6.539s] -- Found rmw_implementation_cmake: 1.0.4 (/opt/ros/foxy/share/rmw_implementation_cmake/cmake)
[6.544s] -- Using RMW implementation 'rmw_cyclonedds_cpp' as default
[6.548s] -- Performing Test CMAKE_HAVE_LIBC_PTHREAD
[6.779s] -- Performing Test CMAKE_HAVE_LIBC_PTHREAD - Failed
[6.782s] -- Looking for pthread_create in pthreads
[6.982s] -- Looking for pthread_create in pthreads - not found
[6.983s] -- Looking for pthread_create in pthread
[7.213s] -- Looking for pthread_create in pthread - found
[7.217s] -- Found Threads: TRUE
[7.587s] -- Found unitree_go: 0.0.0 (/home/unitree/go2_ros2_ws/install/unitree_go/share/unitree_go/cmake)
[7.805s] -- Found nav_msgs: 2.0.5 (/opt/ros/foxy/share/nav_msgs/cmake)
[8.002s] -- Found tf2: 0.13.14 (/opt/ros/foxy/share/tf2/cmake)
[8.045s] -- Found tf2_ros: 0.13.14 (/opt/ros/foxy/share/tf2_ros/cmake)
[8.929s] -- Found sensor_msgs: 2.0.5 (/opt/ros/foxy/share/sensor_msgs/cmake)
[9.094s] -- Found ament_lint_auto: 0.9.8 (/opt/ros/foxy/share/ament_lint_auto/cmake)
[9.556s] -- Added test 'cppcheck' to perform static code analysis on C / C++ code
[9.557s] -- Configured cppcheck include dirs: $<BUILD_INTERFACE:/home/unitree/new_daohan/go2-nav2-amcl/src/base/go2_driver/include>
[9.557s] -- Configured cppcheck exclude dirs and/or files: 
[9.568s] -- Added test 'flake8' to check Python code syntax and style conventions
[9.575s] -- Added test 'lint_cmake' to check CMake code style
[9.581s] -- Added test 'pep257' to check Python code against some of the style conventions in PEP 257
[9.587s] -- Added test 'uncrustify' to check C / C++ code style
[9.587s] -- Configured uncrustify additional arguments: 
[9.589s] -- Added test 'xmllint' to check XML markup files
[9.609s] -- Configuring done (6.0s)
[9.715s] -- Generating done (0.1s)
[9.725s] -- Build files have been written to: /home/unitree/new_daohan/go2-nav2-amcl/src/build/go2_driver
[10.766s] Invoked command in '/home/unitree/new_daohan/go2-nav2-amcl/src/build/go2_driver' returned '0': CMAKE_PREFIX_PATH=${CMAKE_PREFIX_PATH}:/opt/ros/foxy /usr/local/bin/cmake /home/unitree/new_daohan/go2-nav2-amcl/src/base/go2_driver -DCMAKE_INSTALL_PREFIX=/home/unitree/new_daohan/go2-nav2-amcl/src/install/go2_driver
[10.767s] Invoking command in '/home/unitree/new_daohan/go2-nav2-amcl/src/build/go2_driver': CMAKE_PREFIX_PATH=${CMAKE_PREFIX_PATH}:/opt/ros/foxy /usr/local/bin/cmake --build /home/unitree/new_daohan/go2-nav2-amcl/src/build/go2_driver -- -j6 -l6
[10.995s] [ 16%] [32mBuilding CXX object CMakeFiles/lowstate_to_imu.dir/src/lowstate_to_imu.cpp.o[0m
[10.998s] [ 33%] [32mBuilding CXX object CMakeFiles/footprint_to_link.dir/src/footprint_to_link.cpp.o[0m
[11.017s] [ 50%] [32mBuilding CXX object CMakeFiles/driver.dir/src/driver.cpp.o[0m
[31.141s] [ 66%] [32m[1mLinking CXX executable footprint_to_link[0m
[32.852s] [ 66%] Built target footprint_to_link
[35.536s] [ 83%] [32m[1mLinking CXX executable lowstate_to_imu[0m
[36.254s] [ 83%] Built target lowstate_to_imu
[41.413s] [100%] [32m[1mLinking CXX executable driver[0m
[42.564s] [100%] Built target driver
