[1.898s] Invoking command in '/home/unitree/new_daohan/go2-nav2-amcl/src/build/go2_twist_bridge': CMAKE_PREFIX_PATH=${CMAKE_PREFIX_PATH}:/opt/ros/foxy /usr/local/bin/cmake /home/unitree/new_daohan/go2-nav2-amcl/src/base/go2_twist_bridge -DCMAKE_INSTALL_PREFIX=/home/unitree/new_daohan/go2-nav2-amcl/src/install/go2_twist_bridge
[2.110s] -- The C compiler identification is GNU 9.4.0
[2.310s] -- The CXX compiler identification is GNU 9.4.0
[2.371s] -- Detecting C compiler ABI info
[2.662s] -- Detecting C compiler ABI info - done
[2.726s] -- Check for working C compiler: /usr/bin/cc - skipped
[2.727s] -- Detecting C compile features
[2.727s] -- Detecting C compile features - done
[2.743s] -- Detecting CXX compiler ABI info
[3.096s] -- Detecting CXX compiler ABI info - done
[3.191s] -- Check for working CXX compiler: /usr/bin/c++ - skipped
[3.191s] -- Detecting CXX compile features
[3.192s] -- Detecting CXX compile features - done
[3.206s] -- Found ament_cmake: 0.9.12 (/opt/ros/foxy/share/ament_cmake/cmake)
[3.231s] [33mCMake Warning (dev) at /opt/ros/foxy/share/ament_cmake_core/cmake/core/python.cmake:22 (find_package):
[3.231s]   Policy CMP0148 is not set: The FindPythonInterp and FindPythonLibs modules
[3.231s]   are removed.  Run "cmake --help-policy CMP0148" for policy details.  Use
[3.231s]   the cmake_policy command to set the policy and suppress this warning.
[3.231s] 
[3.232s] Call Stack (most recent call first):
[3.232s]   /opt/ros/foxy/share/ament_cmake_core/cmake/core/all.cmake:53 (include)
[3.232s]   /opt/ros/foxy/share/ament_cmake_core/cmake/ament_cmake_core-extras.cmake:17 (include)
[3.232s]   /opt/ros/foxy/share/ament_cmake_core/cmake/ament_cmake_coreConfig.cmake:41 (include)
[3.232s]   /opt/ros/foxy/share/ament_cmake/cmake/ament_cmake_export_dependencies-extras.cmake:15 (find_package)
[3.232s]   /opt/ros/foxy/share/ament_cmake/cmake/ament_cmakeConfig.cmake:41 (include)
[3.232s]   CMakeLists.txt:9 (find_package)
[3.232s] This warning is for project developers.  Use -Wno-dev to suppress it.
[3.233s] [0m
[3.378s] -- Found PythonInterp: /usr/bin/python3 (found suitable version "3.8.10", minimum required is "3")
[3.378s] -- Using PYTHON_EXECUTABLE: /usr/bin/python3
[4.538s] -- Found rclcpp: 2.4.3 (/opt/ros/foxy/share/rclcpp/cmake)
[4.791s] -- Using all available rosidl_typesupport_c: rosidl_typesupport_fastrtps_c;rosidl_typesupport_introspection_c
[4.846s] -- Found rosidl_adapter: 1.3.1 (/opt/ros/foxy/share/rosidl_adapter/cmake)
[5.576s] -- Found OpenSSL: /usr/lib/aarch64-linux-gnu/libcrypto.so (found version "1.1.1f")
[5.908s] -- Found FastRTPS: /opt/ros/foxy/include
[6.434s] -- Using all available rosidl_typesupport_cpp: rosidl_typesupport_fastrtps_cpp;rosidl_typesupport_introspection_cpp
[6.697s] -- Found rmw_implementation_cmake: 1.0.4 (/opt/ros/foxy/share/rmw_implementation_cmake/cmake)
[6.697s] -- Using RMW implementation 'rmw_cyclonedds_cpp' as default
[6.697s] -- Performing Test CMAKE_HAVE_LIBC_PTHREAD
[6.910s] -- Performing Test CMAKE_HAVE_LIBC_PTHREAD - Failed
[6.912s] -- Looking for pthread_create in pthreads
[7.200s] -- Looking for pthread_create in pthreads - not found
[7.201s] -- Looking for pthread_create in pthread
[7.559s] -- Looking for pthread_create in pthread - found
[7.562s] -- Found Threads: TRUE
[7.961s] -- Found geometry_msgs: 2.0.5 (/opt/ros/foxy/share/geometry_msgs/cmake)
[8.034s] -- Found unitree_api: 0.0.0 (/home/unitree/go2_ros2_ws/install/unitree_api/share/unitree_api/cmake)
[8.161s] -- Found ament_lint_auto: 0.9.8 (/opt/ros/foxy/share/ament_lint_auto/cmake)
[8.459s] -- Added test 'cppcheck' to perform static code analysis on C / C++ code
[8.459s] -- Configured cppcheck include dirs: $<BUILD_INTERFACE:/home/unitree/new_daohan/go2-nav2-amcl/src/base/go2_twist_bridge/include>
[8.459s] -- Configured cppcheck exclude dirs and/or files: 
[8.464s] -- Added test 'lint_cmake' to check CMake code style
[8.473s] -- Added test 'uncrustify' to check C / C++ code style
[8.474s] -- Configured uncrustify additional arguments: 
[8.476s] -- Added test 'xmllint' to check XML markup files
[8.486s] -- Configuring done (6.5s)
[8.517s] -- Generating done (0.0s)
[8.523s] -- Build files have been written to: /home/unitree/new_daohan/go2-nav2-amcl/src/build/go2_twist_bridge
[8.559s] Invoked command in '/home/unitree/new_daohan/go2-nav2-amcl/src/build/go2_twist_bridge' returned '0': CMAKE_PREFIX_PATH=${CMAKE_PREFIX_PATH}:/opt/ros/foxy /usr/local/bin/cmake /home/unitree/new_daohan/go2-nav2-amcl/src/base/go2_twist_bridge -DCMAKE_INSTALL_PREFIX=/home/unitree/new_daohan/go2-nav2-amcl/src/install/go2_twist_bridge
[8.561s] Invoking command in '/home/unitree/new_daohan/go2-nav2-amcl/src/build/go2_twist_bridge': CMAKE_PREFIX_PATH=${CMAKE_PREFIX_PATH}:/opt/ros/foxy /usr/local/bin/cmake --build /home/unitree/new_daohan/go2-nav2-amcl/src/build/go2_twist_bridge -- -j6 -l6
[8.718s] [ 50%] [32mBuilding CXX object CMakeFiles/twist_bridge.dir/src/twist_bridge.cpp.o[0m
[33.210s] [100%] [32m[1mLinking CXX executable twist_bridge[0m
[33.803s] [100%] Built target twist_bridge
