[6.006s] Invoking command in '/home/unitree/new_daohan/go2-nav2-amcl/src/build/go2_description': CMAKE_PREFIX_PATH=${CMAKE_PREFIX_PATH}:/opt/ros/foxy /usr/local/bin/cmake --build /home/unitree/new_daohan/go2-nav2-amcl/src/build/go2_description -- -j6 -l6
[6.266s] Invoked command in '/home/unitree/new_daohan/go2-nav2-amcl/src/build/go2_description' returned '0': CMAKE_PREFIX_PATH=${CMAKE_PREFIX_PATH}:/opt/ros/foxy /usr/local/bin/cmake --build /home/unitree/new_daohan/go2-nav2-amcl/src/build/go2_description -- -j6 -l6
[6.311s] Invoking command in '/home/unitree/new_daohan/go2-nav2-amcl/src/build/go2_description': CMAKE_PREFIX_PATH=${CMAKE_PREFIX_PATH}:/opt/ros/foxy /usr/local/bin/cmake --install /home/unitree/new_daohan/go2-nav2-amcl/src/build/go2_description
[6.343s] -- Install configuration: ""
[6.351s] -- Up-to-date: /home/unitree/new_daohan/go2-nav2-amcl/src/install/go2_description/share/go2_description/launch
[6.351s] -- Up-to-date: /home/unitree/new_daohan/go2-nav2-amcl/src/install/go2_description/share/go2_description/launch/display.launch.py
[6.351s] -- Up-to-date: /home/unitree/new_daohan/go2-nav2-amcl/src/install/go2_description/share/go2_description/urdf
[6.352s] -- Up-to-date: /home/unitree/new_daohan/go2-nav2-amcl/src/install/go2_description/share/go2_description/urdf/Amended_collision_model.png
[6.352s] -- Up-to-date: /home/unitree/new_daohan/go2-nav2-amcl/src/install/go2_description/share/go2_description/urdf/Normal_collision_model.png
[6.352s] -- Up-to-date: /home/unitree/new_daohan/go2-nav2-amcl/src/install/go2_description/share/go2_description/urdf/go2_description.urdf
[6.352s] -- Up-to-date: /home/unitree/new_daohan/go2-nav2-amcl/src/install/go2_description/share/go2_description/urdf/.history
[6.352s] -- Up-to-date: /home/unitree/new_daohan/go2-nav2-amcl/src/install/go2_description/share/go2_description/urdf/.history/go2_description_20230905115226.urdf
[6.353s] -- Up-to-date: /home/unitree/new_daohan/go2-nav2-amcl/src/install/go2_description/share/go2_description/urdf/.history/go2_description_20230905112752.urdf
[6.353s] -- Up-to-date: /home/unitree/new_daohan/go2-nav2-amcl/src/install/go2_description/share/go2_description/urdf/.history/go2_description_20230905115300.urdf
[6.353s] -- Up-to-date: /home/unitree/new_daohan/go2-nav2-amcl/src/install/go2_description/share/go2_description/urdf/.history/go2_description_20230905112944.urdf
[6.353s] -- Up-to-date: /home/unitree/new_daohan/go2-nav2-amcl/src/install/go2_description/share/go2_description/urdf/.history/go2_description_20230904193711.urdf
[6.354s] -- Up-to-date: /home/unitree/new_daohan/go2-nav2-amcl/src/install/go2_description/share/go2_description/urdf/.history/go2_description_20230905112143.urdf
[6.354s] -- Up-to-date: /home/unitree/new_daohan/go2-nav2-amcl/src/install/go2_description/share/go2_description/urdf/.history/go2_description_20230905113633.urdf
[6.354s] -- Up-to-date: /home/unitree/new_daohan/go2-nav2-amcl/src/install/go2_description/share/go2_description/urdf/.history/go2_description_20230905112749.urdf
[6.354s] -- Up-to-date: /home/unitree/new_daohan/go2-nav2-amcl/src/install/go2_description/share/go2_description/urdf/.history/go2_description_20230904144240.urdf
[6.354s] -- Up-to-date: /home/unitree/new_daohan/go2-nav2-amcl/src/install/go2_description/share/go2_description/urdf/.history/go2_description_20230905115022.urdf
[6.355s] -- Up-to-date: /home/unitree/new_daohan/go2-nav2-amcl/src/install/go2_description/share/go2_description/urdf/.history/go2_description_20230905113754.urdf
[6.355s] -- Up-to-date: /home/unitree/new_daohan/go2-nav2-amcl/src/install/go2_description/share/go2_description/urdf/.history/go2_description_20230905114759.urdf
[6.355s] -- Up-to-date: /home/unitree/new_daohan/go2-nav2-amcl/src/install/go2_description/share/go2_description/urdf/.history/go2_description_20230905113000.urdf
[6.355s] -- Up-to-date: /home/unitree/new_daohan/go2-nav2-amcl/src/install/go2_description/share/go2_description/urdf/.history/go2_description_20230904182446.urdf
[6.356s] -- Up-to-date: /home/unitree/new_daohan/go2-nav2-amcl/src/install/go2_description/share/go2_description/urdf/.history/go2_description_20230904193653.urdf
[6.356s] -- Up-to-date: /home/unitree/new_daohan/go2-nav2-amcl/src/install/go2_description/share/go2_description/urdf/.history/go2_description_20230904193710.urdf
[6.356s] -- Up-to-date: /home/unitree/new_daohan/go2-nav2-amcl/src/install/go2_description/share/go2_description/urdf/.history/go2_description_20230905113059.urdf
[6.356s] -- Up-to-date: /home/unitree/new_daohan/go2-nav2-amcl/src/install/go2_description/share/go2_description/urdf/.history/go2_description_20230905112735.urdf
[6.356s] -- Up-to-date: /home/unitree/new_daohan/go2-nav2-amcl/src/install/go2_description/share/go2_description/urdf/.history/go2_description_20230905112047.urdf
[6.356s] -- Up-to-date: /home/unitree/new_daohan/go2-nav2-amcl/src/install/go2_description/share/go2_description/urdf/.history/go2_description_20230905113755.urdf
[6.356s] -- Up-to-date: /home/unitree/new_daohan/go2-nav2-amcl/src/install/go2_description/share/go2_description/urdf/.history/go2_description_20230905113840.urdf
[6.357s] -- Up-to-date: /home/unitree/new_daohan/go2-nav2-amcl/src/install/go2_description/share/go2_description/urdf/.history/go2_description_20230905115040.urdf
[6.358s] -- Up-to-date: /home/unitree/new_daohan/go2-nav2-amcl/src/install/go2_description/share/go2_description/urdf/.history/go2_description_20230904193644.urdf
[6.358s] -- Up-to-date: /home/unitree/new_daohan/go2-nav2-amcl/src/install/go2_description/share/go2_description/urdf/.history/go2_description_20230905112217.urdf
[6.359s] -- Up-to-date: /home/unitree/new_daohan/go2-nav2-amcl/src/install/go2_description/share/go2_description/urdf/.history/go2_description_20230904193705.urdf
[6.359s] -- Up-to-date: /home/unitree/new_daohan/go2-nav2-amcl/src/install/go2_description/share/go2_description/urdf/.history/go2_description_20230905114819.urdf
[6.359s] -- Up-to-date: /home/unitree/new_daohan/go2-nav2-amcl/src/install/go2_description/share/go2_description/urdf/.history/go2_description_20230905115021.urdf
[6.359s] -- Up-to-date: /home/unitree/new_daohan/go2-nav2-amcl/src/install/go2_description/share/go2_description/urdf/.history/go2_description_20230905115313.urdf
[6.359s] -- Up-to-date: /home/unitree/new_daohan/go2-nav2-amcl/src/install/go2_description/share/go2_description/urdf/.history/go2_description_20230904193628.urdf
[6.360s] -- Up-to-date: /home/unitree/new_daohan/go2-nav2-amcl/src/install/go2_description/share/go2_description/urdf/.history/go2_description_20230905113839.urdf
[6.360s] -- Up-to-date: /home/unitree/new_daohan/go2-nav2-amcl/src/install/go2_description/share/go2_description/urdf/.history/go2_description_20230905115215.urdf
[6.360s] -- Up-to-date: /home/unitree/new_daohan/go2-nav2-amcl/src/install/go2_description/share/go2_description/dae
[6.360s] -- Up-to-date: /home/unitree/new_daohan/go2-nav2-amcl/src/install/go2_description/share/go2_description/dae/hip.dae
[6.360s] -- Up-to-date: /home/unitree/new_daohan/go2-nav2-amcl/src/install/go2_description/share/go2_description/dae/calf_mirror.dae
[6.360s] -- Up-to-date: /home/unitree/new_daohan/go2-nav2-amcl/src/install/go2_description/share/go2_description/dae/base.dae
[6.361s] -- Up-to-date: /home/unitree/new_daohan/go2-nav2-amcl/src/install/go2_description/share/go2_description/dae/thigh.dae
[6.361s] -- Up-to-date: /home/unitree/new_daohan/go2-nav2-amcl/src/install/go2_description/share/go2_description/dae/foot.dae
[6.374s] -- Up-to-date: /home/unitree/new_daohan/go2-nav2-amcl/src/install/go2_description/share/go2_description/dae/calf.dae
[6.376s] -- Up-to-date: /home/unitree/new_daohan/go2-nav2-amcl/src/install/go2_description/share/go2_description/dae/thigh_mirror.dae
[6.376s] -- Up-to-date: /home/unitree/new_daohan/go2-nav2-amcl/src/install/go2_description/share/go2_description/meshes
[6.376s] -- Up-to-date: /home/unitree/new_daohan/go2-nav2-amcl/src/install/go2_description/share/go2_description/meshes/hip.dae
[6.377s] -- Up-to-date: /home/unitree/new_daohan/go2-nav2-amcl/src/install/go2_description/share/go2_description/meshes/calf_mirror.dae
[6.378s] -- Up-to-date: /home/unitree/new_daohan/go2-nav2-amcl/src/install/go2_description/share/go2_description/meshes/thigh.dae
[6.378s] -- Up-to-date: /home/unitree/new_daohan/go2-nav2-amcl/src/install/go2_description/share/go2_description/meshes/trunk.dae
[6.381s] -- Up-to-date: /home/unitree/new_daohan/go2-nav2-amcl/src/install/go2_description/share/go2_description/meshes/foot.dae
[6.381s] -- Up-to-date: /home/unitree/new_daohan/go2-nav2-amcl/src/install/go2_description/share/go2_description/meshes/calf.dae
[6.394s] -- Up-to-date: /home/unitree/new_daohan/go2-nav2-amcl/src/install/go2_description/share/go2_description/meshes/thigh_mirror.dae
[6.395s] -- Up-to-date: /home/unitree/new_daohan/go2-nav2-amcl/src/install/go2_description/share/ament_index/resource_index/package_run_dependencies/go2_description
[6.395s] -- Up-to-date: /home/unitree/new_daohan/go2-nav2-amcl/src/install/go2_description/share/ament_index/resource_index/parent_prefix_path/go2_description
[6.395s] -- Up-to-date: /home/unitree/new_daohan/go2-nav2-amcl/src/install/go2_description/share/go2_description/environment/ament_prefix_path.sh
[6.395s] -- Up-to-date: /home/unitree/new_daohan/go2-nav2-amcl/src/install/go2_description/share/go2_description/environment/ament_prefix_path.dsv
[6.395s] -- Up-to-date: /home/unitree/new_daohan/go2-nav2-amcl/src/install/go2_description/share/go2_description/environment/path.sh
[6.396s] -- Up-to-date: /home/unitree/new_daohan/go2-nav2-amcl/src/install/go2_description/share/go2_description/environment/path.dsv
[6.396s] -- Up-to-date: /home/unitree/new_daohan/go2-nav2-amcl/src/install/go2_description/share/go2_description/local_setup.bash
[6.396s] -- Up-to-date: /home/unitree/new_daohan/go2-nav2-amcl/src/install/go2_description/share/go2_description/local_setup.sh
[6.396s] -- Up-to-date: /home/unitree/new_daohan/go2-nav2-amcl/src/install/go2_description/share/go2_description/local_setup.zsh
[6.396s] -- Up-to-date: /home/unitree/new_daohan/go2-nav2-amcl/src/install/go2_description/share/go2_description/local_setup.dsv
[6.396s] -- Installing: /home/unitree/new_daohan/go2-nav2-amcl/src/install/go2_description/share/go2_description/package.dsv
[6.396s] -- Up-to-date: /home/unitree/new_daohan/go2-nav2-amcl/src/install/go2_description/share/ament_index/resource_index/packages/go2_description
[6.396s] -- Up-to-date: /home/unitree/new_daohan/go2-nav2-amcl/src/install/go2_description/share/go2_description/cmake/go2_descriptionConfig.cmake
[6.399s] -- Up-to-date: /home/unitree/new_daohan/go2-nav2-amcl/src/install/go2_description/share/go2_description/cmake/go2_descriptionConfig-version.cmake
[6.403s] -- Up-to-date: /home/unitree/new_daohan/go2-nav2-amcl/src/install/go2_description/share/go2_description/package.xml
[8.289s] Invoked command in '/home/unitree/new_daohan/go2-nav2-amcl/src/build/go2_description' returned '0': CMAKE_PREFIX_PATH=${CMAKE_PREFIX_PATH}:/opt/ros/foxy /usr/local/bin/cmake --install /home/unitree/new_daohan/go2-nav2-amcl/src/build/go2_description
