-- The C compiler identification is GNU 9.4.0
-- The CXX compiler identification is GNU 9.4.0
-- Detecting C compiler ABI info
-- Detecting C compiler ABI info - done
-- Check for working C compiler: /usr/bin/cc - skipped
-- Detecting C compile features
-- Detecting C compile features - done
-- Detecting CXX compiler ABI info
-- Detecting CXX compiler ABI info - done
-- Check for working CXX compiler: /usr/bin/c++ - skipped
-- Detecting CXX compile features
-- Detecting CXX compile features - done
[33mCMake Warning (dev) at /opt/ros/foxy/share/ament_cmake_core/cmake/core/python.cmake:22 (find_package):
  Policy CMP0148 is not set: The FindPythonInterp and FindPythonLibs modules
  are removed.  Run "cmake --help-policy CMP0148" for policy details.  Use
  the cmake_policy command to set the policy and suppress this warning.

Call Stack (most recent call first):
  /opt/ros/foxy/share/ament_cmake_core/cmake/core/all.cmake:53 (include)
  /opt/ros/foxy/share/ament_cmake_core/cmake/ament_cmake_core-extras.cmake:17 (include)
  /opt/ros/foxy/share/ament_cmake_core/cmake/ament_cmake_coreConfig.cmake:41 (include)
  /opt/ros/foxy/share/ament_cmake/cmake/ament_cmake_export_dependencies-extras.cmake:15 (find_package)
  /opt/ros/foxy/share/ament_cmake/cmake/ament_cmakeConfig.cmake:41 (include)
  CMakeLists.txt:9 (find_package)
This warning is for project developers.  Use -Wno-dev to suppress it.
[0m
-- Found ament_cmake: 0.9.12 (/opt/ros/foxy/share/ament_cmake/cmake)
-- Found PythonInterp: /usr/bin/python3 (found suitable version "3.8.10", minimum required is "3")
-- Using PYTHON_EXECUTABLE: /usr/bin/python3
-- Found rclcpp: 2.4.3 (/opt/ros/foxy/share/rclcpp/cmake)
-- Using all available rosidl_typesupport_c: rosidl_typesupport_fastrtps_c;rosidl_typesupport_introspection_c
-- Found rosidl_adapter: 1.3.1 (/opt/ros/foxy/share/rosidl_adapter/cmake)
-- Found OpenSSL: /usr/lib/aarch64-linux-gnu/libcrypto.so (found version "1.1.1f")
-- Found FastRTPS: /opt/ros/foxy/include
-- Using all available rosidl_typesupport_cpp: rosidl_typesupport_fastrtps_cpp;rosidl_typesupport_introspection_cpp
-- Found rmw_implementation_cmake: 1.0.4 (/opt/ros/foxy/share/rmw_implementation_cmake/cmake)
-- Using RMW implementation 'rmw_cyclonedds_cpp' as default
-- Performing Test CMAKE_HAVE_LIBC_PTHREAD
-- Performing Test CMAKE_HAVE_LIBC_PTHREAD - Failed
-- Looking for pthread_create in pthreads
-- Looking for pthread_create in pthreads - not found
-- Looking for pthread_create in pthread
-- Looking for pthread_create in pthread - found
-- Found Threads: TRUE
-- Found unitree_go: 0.0.0 (/home/unitree/go2_ros2_ws/install/unitree_go/share/unitree_go/cmake)
-- Found unitree_api: 0.0.0 (/home/unitree/go2_ros2_ws/install/unitree_api/share/unitree_api/cmake)
-- Found nav_msgs: 2.0.5 (/opt/ros/foxy/share/nav_msgs/cmake)
-- Found ament_lint_auto: 0.9.8 (/opt/ros/foxy/share/ament_lint_auto/cmake)
-- Added test 'cppcheck' to perform static code analysis on C / C++ code
-- Configured cppcheck include dirs: $<BUILD_INTERFACE:/home/unitree/new_daohan/go2-nav2-amcl/src/go2_navigation2/include>
-- Configured cppcheck exclude dirs and/or files: 
-- Added test 'flake8' to check Python code syntax and style conventions
-- Added test 'lint_cmake' to check CMake code style
-- Added test 'pep257' to check Python code against some of the style conventions in PEP 257
-- Added test 'uncrustify' to check C / C++ code style
-- Configured uncrustify additional arguments: 
-- Added test 'xmllint' to check XML markup files
-- Configuring done (4.7s)
-- Generating done (0.0s)
-- Build files have been written to: /home/unitree/new_daohan/go2-nav2-amcl/src/build/go2_navigation2
[ 50%] [32mBuilding CXX object CMakeFiles/navigation.dir/src/navigation.cpp.o[0m
[100%] [32m[1mLinking CXX executable navigation[0m
[100%] Built target navigation
-- Install configuration: ""
-- Installing: /home/unitree/new_daohan/go2-nav2-amcl/src/install/go2_navigation2/lib/go2_navigation2/navigation
-- Set non-toolchain portion of runtime path of "/home/unitree/new_daohan/go2-nav2-amcl/src/install/go2_navigation2/lib/go2_navigation2/navigation" to ""
-- Installing: /home/unitree/new_daohan/go2-nav2-amcl/src/install/go2_navigation2/share/go2_navigation2/launch
-- Installing: /home/unitree/new_daohan/go2-nav2-amcl/src/install/go2_navigation2/share/go2_navigation2/launch/go2_nav2.launch.py
-- Installing: /home/unitree/new_daohan/go2-nav2-amcl/src/install/go2_navigation2/share/go2_navigation2/config
-- Installing: /home/unitree/new_daohan/go2-nav2-amcl/src/install/go2_navigation2/share/go2_navigation2/config/nav2_params.yaml
-- Installing: /home/unitree/new_daohan/go2-nav2-amcl/src/install/go2_navigation2/share/go2_navigation2/maps
-- Installing: /home/unitree/new_daohan/go2-nav2-amcl/src/install/go2_navigation2/share/go2_navigation2/maps/README.md
-- Installing: /home/unitree/new_daohan/go2-nav2-amcl/src/install/go2_navigation2/share/go2_navigation2/maps/my_room.pgm
-- Installing: /home/unitree/new_daohan/go2-nav2-amcl/src/install/go2_navigation2/share/go2_navigation2/maps/my_room.yaml
-- Installing: /home/unitree/new_daohan/go2-nav2-amcl/src/install/go2_navigation2/share/ament_index/resource_index/package_run_dependencies/go2_navigation2
-- Installing: /home/unitree/new_daohan/go2-nav2-amcl/src/install/go2_navigation2/share/ament_index/resource_index/parent_prefix_path/go2_navigation2
-- Installing: /home/unitree/new_daohan/go2-nav2-amcl/src/install/go2_navigation2/share/go2_navigation2/environment/ament_prefix_path.sh
-- Installing: /home/unitree/new_daohan/go2-nav2-amcl/src/install/go2_navigation2/share/go2_navigation2/environment/ament_prefix_path.dsv
-- Installing: /home/unitree/new_daohan/go2-nav2-amcl/src/install/go2_navigation2/share/go2_navigation2/environment/path.sh
-- Installing: /home/unitree/new_daohan/go2-nav2-amcl/src/install/go2_navigation2/share/go2_navigation2/environment/path.dsv
-- Installing: /home/unitree/new_daohan/go2-nav2-amcl/src/install/go2_navigation2/share/go2_navigation2/local_setup.bash
-- Installing: /home/unitree/new_daohan/go2-nav2-amcl/src/install/go2_navigation2/share/go2_navigation2/local_setup.sh
-- Installing: /home/unitree/new_daohan/go2-nav2-amcl/src/install/go2_navigation2/share/go2_navigation2/local_setup.zsh
-- Installing: /home/unitree/new_daohan/go2-nav2-amcl/src/install/go2_navigation2/share/go2_navigation2/local_setup.dsv
-- Installing: /home/unitree/new_daohan/go2-nav2-amcl/src/install/go2_navigation2/share/go2_navigation2/package.dsv
-- Installing: /home/unitree/new_daohan/go2-nav2-amcl/src/install/go2_navigation2/share/ament_index/resource_index/packages/go2_navigation2
-- Installing: /home/unitree/new_daohan/go2-nav2-amcl/src/install/go2_navigation2/share/go2_navigation2/cmake/go2_navigation2Config.cmake
-- Installing: /home/unitree/new_daohan/go2-nav2-amcl/src/install/go2_navigation2/share/go2_navigation2/cmake/go2_navigation2Config-version.cmake
-- Installing: /home/unitree/new_daohan/go2-nav2-amcl/src/install/go2_navigation2/share/go2_navigation2/package.xml
