[6.221s] [34mcolcon[0m [1;30mDEBUG[0m [32mCommand line arguments: ['/usr/bin/colcon', 'build'][0m
[6.221s] [34mcolcon[0m [1;30mDEBUG[0m [32mParsed command line arguments: Namespace(allow_overriding=[], ament_cmake_args=None, base_paths=['.'], build_base='build', catkin_cmake_args=None, catkin_skip_building_tests=False, cmake_args=None, cmake_clean_cache=False, cmake_clean_first=False, cmake_force_configure=False, cmake_target=None, cmake_target_skip_unavailable=False, continue_on_error=False, event_handlers=None, executor='parallel', ignore_user_meta=False, install_base='install', log_base=None, log_level=None, main=<bound method BuildVerb.main of <colcon_core.verb.build.BuildVerb object at 0xffff9428d9a0>>, merge_install=False, metas=['./colcon.meta'], packages_above=None, packages_above_and_dependencies=None, packages_above_depth=None, packages_end=None, packages_ignore=None, packages_ignore_regex=None, packages_select=None, packages_select_build_failed=False, packages_select_by_dep=None, packages_select_regex=None, packages_select_test_failures=False, packages_skip=None, packages_skip_build_finished=False, packages_skip_by_dep=None, packages_skip_regex=None, packages_skip_test_passed=False, packages_skip_up_to=None, packages_start=None, packages_up_to=None, packages_up_to_regex=None, parallel_workers=6, paths=None, symlink_install=False, test_result_base=None, verb_extension=<colcon_core.verb.build.BuildVerb object at 0xffff9428d9a0>, verb_name='build', verb_parser=<colcon_defaults.argument_parser.defaults.DefaultArgumentsDecorator object at 0xffff93ef23d0>)[0m
[6.454s] [34mcolcon.colcon_core.package_discovery[0m [1;30mLevel 1[0m discover_packages(colcon_meta) check parameters
[6.454s] [34mcolcon.colcon_core.package_discovery[0m [1;30mLevel 1[0m discover_packages(recursive) check parameters
[6.454s] [34mcolcon.colcon_core.package_discovery[0m [1;30mLevel 1[0m discover_packages(ignore) check parameters
[6.454s] [34mcolcon.colcon_core.package_discovery[0m [1;30mLevel 1[0m discover_packages(path) check parameters
[6.454s] [34mcolcon.colcon_core.package_discovery[0m [1;30mLevel 1[0m discover_packages(colcon_meta) discover
[6.454s] [34mcolcon.colcon_core.package_discovery[0m [1;30mLevel 1[0m discover_packages(recursive) discover
[6.455s] [34mcolcon.colcon_core.package_discovery[0m [1;30mINFO[0m Crawling recursively for packages in '/home/unitree/new_daohan/go2-nav2-amcl/src'
[6.455s] [34mcolcon.colcon_core.package_identification[0m [1;30mLevel 1[0m _identify(.) by extensions ['ignore', 'ignore_ament_install']
[6.455s] [34mcolcon.colcon_core.package_identification[0m [1;30mLevel 1[0m _identify(.) by extension 'ignore'
[6.455s] [34mcolcon.colcon_core.package_identification[0m [1;30mLevel 1[0m _identify(.) by extension 'ignore_ament_install'
[6.455s] [34mcolcon.colcon_core.package_identification[0m [1;30mLevel 1[0m _identify(.) by extensions ['colcon_pkg']
[6.455s] [34mcolcon.colcon_core.package_identification[0m [1;30mLevel 1[0m _identify(.) by extension 'colcon_pkg'
[6.456s] [34mcolcon.colcon_core.package_identification[0m [1;30mLevel 1[0m _identify(.) by extensions ['colcon_meta']
[6.456s] [34mcolcon.colcon_core.package_identification[0m [1;30mLevel 1[0m _identify(.) by extension 'colcon_meta'
[6.456s] [34mcolcon.colcon_core.package_identification[0m [1;30mLevel 1[0m _identify(.) by extensions ['ros']
[6.456s] [34mcolcon.colcon_core.package_identification[0m [1;30mLevel 1[0m _identify(.) by extension 'ros'
[6.546s] [34mcolcon.colcon_core.package_identification[0m [1;30mLevel 1[0m _identify(.) by extensions ['cmake', 'python']
[6.546s] [34mcolcon.colcon_core.package_identification[0m [1;30mLevel 1[0m _identify(.) by extension 'cmake'
[6.546s] [34mcolcon.colcon_core.package_identification[0m [1;30mLevel 1[0m _identify(.) by extension 'python'
[6.547s] [34mcolcon.colcon_core.package_identification[0m [1;30mLevel 1[0m _identify(.) by extensions ['python_setup_py']
[6.547s] [34mcolcon.colcon_core.package_identification[0m [1;30mLevel 1[0m _identify(.) by extension 'python_setup_py'
[6.547s] [34mcolcon.colcon_core.package_identification[0m [1;30mLevel 1[0m _identify(base) by extensions ['ignore', 'ignore_ament_install']
[6.547s] [34mcolcon.colcon_core.package_identification[0m [1;30mLevel 1[0m _identify(base) by extension 'ignore'
[6.548s] [34mcolcon.colcon_core.package_identification[0m [1;30mLevel 1[0m _identify(base) by extension 'ignore_ament_install'
[6.548s] [34mcolcon.colcon_core.package_identification[0m [1;30mLevel 1[0m _identify(base) by extensions ['colcon_pkg']
[6.548s] [34mcolcon.colcon_core.package_identification[0m [1;30mLevel 1[0m _identify(base) by extension 'colcon_pkg'
[6.548s] [34mcolcon.colcon_core.package_identification[0m [1;30mLevel 1[0m _identify(base) by extensions ['colcon_meta']
[6.548s] [34mcolcon.colcon_core.package_identification[0m [1;30mLevel 1[0m _identify(base) by extension 'colcon_meta'
[6.548s] [34mcolcon.colcon_core.package_identification[0m [1;30mLevel 1[0m _identify(base) by extensions ['ros']
[6.548s] [34mcolcon.colcon_core.package_identification[0m [1;30mLevel 1[0m _identify(base) by extension 'ros'
[6.548s] [34mcolcon.colcon_core.package_identification[0m [1;30mLevel 1[0m _identify(base) by extensions ['cmake', 'python']
[6.548s] [34mcolcon.colcon_core.package_identification[0m [1;30mLevel 1[0m _identify(base) by extension 'cmake'
[6.549s] [34mcolcon.colcon_core.package_identification[0m [1;30mLevel 1[0m _identify(base) by extension 'python'
[6.549s] [34mcolcon.colcon_core.package_identification[0m [1;30mLevel 1[0m _identify(base) by extensions ['python_setup_py']
[6.549s] [34mcolcon.colcon_core.package_identification[0m [1;30mLevel 1[0m _identify(base) by extension 'python_setup_py'
[6.549s] [34mcolcon.colcon_core.package_identification[0m [1;30mLevel 1[0m _identify(base/go2_core) by extensions ['ignore', 'ignore_ament_install']
[6.549s] [34mcolcon.colcon_core.package_identification[0m [1;30mLevel 1[0m _identify(base/go2_core) by extension 'ignore'
[6.550s] [34mcolcon.colcon_core.package_identification[0m [1;30mLevel 1[0m _identify(base/go2_core) by extension 'ignore_ament_install'
[6.550s] [34mcolcon.colcon_core.package_identification[0m [1;30mLevel 1[0m _identify(base/go2_core) by extensions ['colcon_pkg']
[6.550s] [34mcolcon.colcon_core.package_identification[0m [1;30mLevel 1[0m _identify(base/go2_core) by extension 'colcon_pkg'
[6.550s] [34mcolcon.colcon_core.package_identification[0m [1;30mLevel 1[0m _identify(base/go2_core) by extensions ['colcon_meta']
[6.550s] [34mcolcon.colcon_core.package_identification[0m [1;30mLevel 1[0m _identify(base/go2_core) by extension 'colcon_meta'
[6.550s] [34mcolcon.colcon_core.package_identification[0m [1;30mLevel 1[0m _identify(base/go2_core) by extensions ['ros']
[6.550s] [34mcolcon.colcon_core.package_identification[0m [1;30mLevel 1[0m _identify(base/go2_core) by extension 'ros'
[6.559s] [34mcolcon.colcon_core.package_identification[0m [1;30mDEBUG[0m [32mPackage 'base/go2_core' with type 'ros.ament_cmake' and name 'go2_core'[0m
[6.560s] [34mcolcon.colcon_core.package_identification[0m [1;30mLevel 1[0m _identify(base/go2_driver) by extensions ['ignore', 'ignore_ament_install']
[6.560s] [34mcolcon.colcon_core.package_identification[0m [1;30mLevel 1[0m _identify(base/go2_driver) by extension 'ignore'
[6.560s] [34mcolcon.colcon_core.package_identification[0m [1;30mLevel 1[0m _identify(base/go2_driver) by extension 'ignore_ament_install'
[6.561s] [34mcolcon.colcon_core.package_identification[0m [1;30mLevel 1[0m _identify(base/go2_driver) by extensions ['colcon_pkg']
[6.561s] [34mcolcon.colcon_core.package_identification[0m [1;30mLevel 1[0m _identify(base/go2_driver) by extension 'colcon_pkg'
[6.561s] [34mcolcon.colcon_core.package_identification[0m [1;30mLevel 1[0m _identify(base/go2_driver) by extensions ['colcon_meta']
[6.561s] [34mcolcon.colcon_core.package_identification[0m [1;30mLevel 1[0m _identify(base/go2_driver) by extension 'colcon_meta'
[6.561s] [34mcolcon.colcon_core.package_identification[0m [1;30mLevel 1[0m _identify(base/go2_driver) by extensions ['ros']
[6.561s] [34mcolcon.colcon_core.package_identification[0m [1;30mLevel 1[0m _identify(base/go2_driver) by extension 'ros'
[6.564s] [34mcolcon.colcon_core.package_identification[0m [1;30mDEBUG[0m [32mPackage 'base/go2_driver' with type 'ros.ament_cmake' and name 'go2_driver'[0m
[6.564s] [34mcolcon.colcon_core.package_identification[0m [1;30mLevel 1[0m _identify(base/go2_twist_bridge) by extensions ['ignore', 'ignore_ament_install']
[6.564s] [34mcolcon.colcon_core.package_identification[0m [1;30mLevel 1[0m _identify(base/go2_twist_bridge) by extension 'ignore'
[6.565s] [34mcolcon.colcon_core.package_identification[0m [1;30mLevel 1[0m _identify(base/go2_twist_bridge) by extension 'ignore_ament_install'
[6.565s] [34mcolcon.colcon_core.package_identification[0m [1;30mLevel 1[0m _identify(base/go2_twist_bridge) by extensions ['colcon_pkg']
[6.565s] [34mcolcon.colcon_core.package_identification[0m [1;30mLevel 1[0m _identify(base/go2_twist_bridge) by extension 'colcon_pkg'
[6.565s] [34mcolcon.colcon_core.package_identification[0m [1;30mLevel 1[0m _identify(base/go2_twist_bridge) by extensions ['colcon_meta']
[6.565s] [34mcolcon.colcon_core.package_identification[0m [1;30mLevel 1[0m _identify(base/go2_twist_bridge) by extension 'colcon_meta'
[6.565s] [34mcolcon.colcon_core.package_identification[0m [1;30mLevel 1[0m _identify(base/go2_twist_bridge) by extensions ['ros']
[6.565s] [34mcolcon.colcon_core.package_identification[0m [1;30mLevel 1[0m _identify(base/go2_twist_bridge) by extension 'ros'
[6.567s] [34mcolcon.colcon_core.package_identification[0m [1;30mDEBUG[0m [32mPackage 'base/go2_twist_bridge' with type 'ros.ament_cmake' and name 'go2_twist_bridge'[0m
[6.567s] [34mcolcon.colcon_core.package_identification[0m [1;30mLevel 1[0m _identify(build) by extensions ['ignore', 'ignore_ament_install']
[6.567s] [34mcolcon.colcon_core.package_identification[0m [1;30mLevel 1[0m _identify(build) by extension 'ignore'
[6.568s] [34mcolcon.colcon_core.package_identification[0m [1;30mLevel 1[0m _identify(build) ignored
[6.568s] [34mcolcon.colcon_core.package_identification[0m [1;30mLevel 1[0m _identify(go2_description) by extensions ['ignore', 'ignore_ament_install']
[6.568s] [34mcolcon.colcon_core.package_identification[0m [1;30mLevel 1[0m _identify(go2_description) by extension 'ignore'
[6.568s] [34mcolcon.colcon_core.package_identification[0m [1;30mLevel 1[0m _identify(go2_description) by extension 'ignore_ament_install'
[6.568s] [34mcolcon.colcon_core.package_identification[0m [1;30mLevel 1[0m _identify(go2_description) by extensions ['colcon_pkg']
[6.569s] [34mcolcon.colcon_core.package_identification[0m [1;30mLevel 1[0m _identify(go2_description) by extension 'colcon_pkg'
[6.569s] [34mcolcon.colcon_core.package_identification[0m [1;30mLevel 1[0m _identify(go2_description) by extensions ['colcon_meta']
[6.569s] [34mcolcon.colcon_core.package_identification[0m [1;30mLevel 1[0m _identify(go2_description) by extension 'colcon_meta'
[6.569s] [34mcolcon.colcon_core.package_identification[0m [1;30mLevel 1[0m _identify(go2_description) by extensions ['ros']
[6.569s] [34mcolcon.colcon_core.package_identification[0m [1;30mLevel 1[0m _identify(go2_description) by extension 'ros'
[6.570s] [34mcolcon.colcon_core.package_identification[0m [1;30mDEBUG[0m [32mPackage 'go2_description' with type 'ros.ament_cmake' and name 'go2_description'[0m
[6.571s] [34mcolcon.colcon_core.package_identification[0m [1;30mLevel 1[0m _identify(go2_navigation2) by extensions ['ignore', 'ignore_ament_install']
[6.571s] [34mcolcon.colcon_core.package_identification[0m [1;30mLevel 1[0m _identify(go2_navigation2) by extension 'ignore'
[6.571s] [34mcolcon.colcon_core.package_identification[0m [1;30mLevel 1[0m _identify(go2_navigation2) by extension 'ignore_ament_install'
[6.572s] [34mcolcon.colcon_core.package_identification[0m [1;30mLevel 1[0m _identify(go2_navigation2) by extensions ['colcon_pkg']
[6.572s] [34mcolcon.colcon_core.package_identification[0m [1;30mLevel 1[0m _identify(go2_navigation2) by extension 'colcon_pkg'
[6.572s] [34mcolcon.colcon_core.package_identification[0m [1;30mLevel 1[0m _identify(go2_navigation2) by extensions ['colcon_meta']
[6.572s] [34mcolcon.colcon_core.package_identification[0m [1;30mLevel 1[0m _identify(go2_navigation2) by extension 'colcon_meta'
[6.572s] [34mcolcon.colcon_core.package_identification[0m [1;30mLevel 1[0m _identify(go2_navigation2) by extensions ['ros']
[6.572s] [34mcolcon.colcon_core.package_identification[0m [1;30mLevel 1[0m _identify(go2_navigation2) by extension 'ros'
[6.574s] [34mcolcon.colcon_core.package_identification[0m [1;30mDEBUG[0m [32mPackage 'go2_navigation2' with type 'ros.ament_cmake' and name 'go2_navigation2'[0m
[6.575s] [34mcolcon.colcon_core.package_identification[0m [1;30mLevel 1[0m _identify(go2_perception) by extensions ['ignore', 'ignore_ament_install']
[6.575s] [34mcolcon.colcon_core.package_identification[0m [1;30mLevel 1[0m _identify(go2_perception) by extension 'ignore'
[6.575s] [34mcolcon.colcon_core.package_identification[0m [1;30mLevel 1[0m _identify(go2_perception) by extension 'ignore_ament_install'
[6.575s] [34mcolcon.colcon_core.package_identification[0m [1;30mLevel 1[0m _identify(go2_perception) by extensions ['colcon_pkg']
[6.576s] [34mcolcon.colcon_core.package_identification[0m [1;30mLevel 1[0m _identify(go2_perception) by extension 'colcon_pkg'
[6.576s] [34mcolcon.colcon_core.package_identification[0m [1;30mLevel 1[0m _identify(go2_perception) by extensions ['colcon_meta']
[6.576s] [34mcolcon.colcon_core.package_identification[0m [1;30mLevel 1[0m _identify(go2_perception) by extension 'colcon_meta'
[6.576s] [34mcolcon.colcon_core.package_identification[0m [1;30mLevel 1[0m _identify(go2_perception) by extensions ['ros']
[6.576s] [34mcolcon.colcon_core.package_identification[0m [1;30mLevel 1[0m _identify(go2_perception) by extension 'ros'
[6.578s] [34mcolcon.colcon_core.package_identification[0m [1;30mDEBUG[0m [32mPackage 'go2_perception' with type 'ros.ament_cmake' and name 'go2_perception'[0m
[6.579s] [34mcolcon.colcon_core.package_identification[0m [1;30mLevel 1[0m _identify(go2_slam) by extensions ['ignore', 'ignore_ament_install']
[6.579s] [34mcolcon.colcon_core.package_identification[0m [1;30mLevel 1[0m _identify(go2_slam) by extension 'ignore'
[6.579s] [34mcolcon.colcon_core.package_identification[0m [1;30mLevel 1[0m _identify(go2_slam) by extension 'ignore_ament_install'
[6.579s] [34mcolcon.colcon_core.package_identification[0m [1;30mLevel 1[0m _identify(go2_slam) by extensions ['colcon_pkg']
[6.579s] [34mcolcon.colcon_core.package_identification[0m [1;30mLevel 1[0m _identify(go2_slam) by extension 'colcon_pkg'
[6.579s] [34mcolcon.colcon_core.package_identification[0m [1;30mLevel 1[0m _identify(go2_slam) by extensions ['colcon_meta']
[6.579s] [34mcolcon.colcon_core.package_identification[0m [1;30mLevel 1[0m _identify(go2_slam) by extension 'colcon_meta'
[6.579s] [34mcolcon.colcon_core.package_identification[0m [1;30mLevel 1[0m _identify(go2_slam) by extensions ['ros']
[6.580s] [34mcolcon.colcon_core.package_identification[0m [1;30mLevel 1[0m _identify(go2_slam) by extension 'ros'
[6.581s] [34mcolcon.colcon_core.package_identification[0m [1;30mDEBUG[0m [32mPackage 'go2_slam' with type 'ros.ament_cmake' and name 'go2_slam'[0m
[6.581s] [34mcolcon.colcon_core.package_identification[0m [1;30mLevel 1[0m _identify(install) by extensions ['ignore', 'ignore_ament_install']
[6.581s] [34mcolcon.colcon_core.package_identification[0m [1;30mLevel 1[0m _identify(install) by extension 'ignore'
[6.581s] [34mcolcon.colcon_core.package_identification[0m [1;30mLevel 1[0m _identify(install) ignored
[6.582s] [34mcolcon.colcon_core.package_identification[0m [1;30mLevel 1[0m _identify(log) by extensions ['ignore', 'ignore_ament_install']
[6.582s] [34mcolcon.colcon_core.package_identification[0m [1;30mLevel 1[0m _identify(log) by extension 'ignore'
[6.582s] [34mcolcon.colcon_core.package_identification[0m [1;30mLevel 1[0m _identify(log) ignored
[6.582s] [34mcolcon.colcon_core.package_discovery[0m [1;30mLevel 1[0m discover_packages(recursive) using defaults
[6.582s] [34mcolcon.colcon_core.package_discovery[0m [1;30mLevel 1[0m discover_packages(ignore) discover
[6.582s] [34mcolcon.colcon_core.package_discovery[0m [1;30mLevel 1[0m discover_packages(ignore) using defaults
[6.582s] [34mcolcon.colcon_core.package_discovery[0m [1;30mLevel 1[0m discover_packages(path) discover
[6.582s] [34mcolcon.colcon_core.package_discovery[0m [1;30mLevel 1[0m discover_packages(path) using defaults
[7.067s] [34mcolcon.colcon_core.package_discovery[0m [1;30mLevel 1[0m discover_packages(prefix_path) check parameters
[7.068s] [34mcolcon.colcon_core.package_discovery[0m [1;30mLevel 1[0m discover_packages(prefix_path) discover
[7.250s] [34mcolcon.colcon_installed_package_information.package_discovery[0m [1;30mDEBUG[0m [32mFound 3 installed packages in /home/unitree/unitree_ros2/cyclonedds_ws/install[0m
[7.338s] [34mcolcon.colcon_installed_package_information.package_discovery[0m [1;30mDEBUG[0m [32mFound 2 installed packages in /home/unitree/cyclonedds_ws/install[0m
[7.427s] [34mcolcon.colcon_installed_package_information.package_discovery[0m [1;30mDEBUG[0m [32mFound 4 installed packages in /home/unitree/unitree_ros2/install[0m
[7.515s] [34mcolcon.colcon_installed_package_information.package_discovery[0m [1;30mDEBUG[0m [32mFound 8 installed packages in /home/unitree/go2_ros2_ws/install[0m
[7.604s] [34mcolcon.colcon_installed_package_information.package_discovery[0m [1;30mDEBUG[0m [32mFound 3 installed packages in /home/unitree/realsense_ws/install[0m
[7.694s] [34mcolcon.colcon_installed_package_information.package_discovery[0m [1;30mDEBUG[0m [32mFound 256 installed packages in /opt/ros/foxy[0m
[7.696s] [34mcolcon.colcon_core.package_discovery[0m [1;30mLevel 1[0m discover_packages(prefix_path) using defaults
[8.072s] [34mcolcon.colcon_core.verb[0m [1;30mLevel 5[0m set package 'go2_core' build argument 'cmake_args' from command line to 'None'
[8.072s] [34mcolcon.colcon_core.verb[0m [1;30mLevel 5[0m set package 'go2_core' build argument 'cmake_target' from command line to 'None'
[8.072s] [34mcolcon.colcon_core.verb[0m [1;30mLevel 5[0m set package 'go2_core' build argument 'cmake_target_skip_unavailable' from command line to 'False'
[8.072s] [34mcolcon.colcon_core.verb[0m [1;30mLevel 5[0m set package 'go2_core' build argument 'cmake_clean_cache' from command line to 'False'
[8.072s] [34mcolcon.colcon_core.verb[0m [1;30mLevel 5[0m set package 'go2_core' build argument 'cmake_clean_first' from command line to 'False'
[8.072s] [34mcolcon.colcon_core.verb[0m [1;30mLevel 5[0m set package 'go2_core' build argument 'cmake_force_configure' from command line to 'False'
[8.073s] [34mcolcon.colcon_core.verb[0m [1;30mLevel 5[0m set package 'go2_core' build argument 'ament_cmake_args' from command line to 'None'
[8.073s] [34mcolcon.colcon_core.verb[0m [1;30mLevel 5[0m set package 'go2_core' build argument 'catkin_cmake_args' from command line to 'None'
[8.073s] [34mcolcon.colcon_core.verb[0m [1;30mLevel 5[0m set package 'go2_core' build argument 'catkin_skip_building_tests' from command line to 'False'
[8.073s] [34mcolcon.colcon_core.verb[0m [1;30mDEBUG[0m [32mBuilding package 'go2_core' with the following arguments: {'ament_cmake_args': None, 'build_base': '/home/unitree/new_daohan/go2-nav2-amcl/src/build/go2_core', 'catkin_cmake_args': None, 'catkin_skip_building_tests': False, 'cmake_args': None, 'cmake_clean_cache': False, 'cmake_clean_first': False, 'cmake_force_configure': False, 'cmake_target': None, 'cmake_target_skip_unavailable': False, 'install_base': '/home/unitree/new_daohan/go2-nav2-amcl/src/install/go2_core', 'merge_install': False, 'path': '/home/unitree/new_daohan/go2-nav2-amcl/src/base/go2_core', 'symlink_install': False, 'test_result_base': None}[0m
[8.179s] [34mcolcon.colcon_core.verb[0m [1;30mLevel 5[0m set package 'go2_description' build argument 'cmake_args' from command line to 'None'
[8.179s] [34mcolcon.colcon_core.verb[0m [1;30mLevel 5[0m set package 'go2_description' build argument 'cmake_target' from command line to 'None'
[8.179s] [34mcolcon.colcon_core.verb[0m [1;30mLevel 5[0m set package 'go2_description' build argument 'cmake_target_skip_unavailable' from command line to 'False'
[8.179s] [34mcolcon.colcon_core.verb[0m [1;30mLevel 5[0m set package 'go2_description' build argument 'cmake_clean_cache' from command line to 'False'
[8.179s] [34mcolcon.colcon_core.verb[0m [1;30mLevel 5[0m set package 'go2_description' build argument 'cmake_clean_first' from command line to 'False'
[8.180s] [34mcolcon.colcon_core.verb[0m [1;30mLevel 5[0m set package 'go2_description' build argument 'cmake_force_configure' from command line to 'False'
[8.180s] [34mcolcon.colcon_core.verb[0m [1;30mLevel 5[0m set package 'go2_description' build argument 'ament_cmake_args' from command line to 'None'
[8.180s] [34mcolcon.colcon_core.verb[0m [1;30mLevel 5[0m set package 'go2_description' build argument 'catkin_cmake_args' from command line to 'None'
[8.180s] [34mcolcon.colcon_core.verb[0m [1;30mLevel 5[0m set package 'go2_description' build argument 'catkin_skip_building_tests' from command line to 'False'
[8.180s] [34mcolcon.colcon_core.verb[0m [1;30mDEBUG[0m [32mBuilding package 'go2_description' with the following arguments: {'ament_cmake_args': None, 'build_base': '/home/unitree/new_daohan/go2-nav2-amcl/src/build/go2_description', 'catkin_cmake_args': None, 'catkin_skip_building_tests': False, 'cmake_args': None, 'cmake_clean_cache': False, 'cmake_clean_first': False, 'cmake_force_configure': False, 'cmake_target': None, 'cmake_target_skip_unavailable': False, 'install_base': '/home/unitree/new_daohan/go2-nav2-amcl/src/install/go2_description', 'merge_install': False, 'path': '/home/unitree/new_daohan/go2-nav2-amcl/src/go2_description', 'symlink_install': False, 'test_result_base': None}[0m
[8.289s] [34mcolcon.colcon_core.verb[0m [1;30mLevel 5[0m set package 'go2_driver' build argument 'cmake_args' from command line to 'None'
[8.289s] [34mcolcon.colcon_core.verb[0m [1;30mLevel 5[0m set package 'go2_driver' build argument 'cmake_target' from command line to 'None'
[8.290s] [34mcolcon.colcon_core.verb[0m [1;30mLevel 5[0m set package 'go2_driver' build argument 'cmake_target_skip_unavailable' from command line to 'False'
[8.290s] [34mcolcon.colcon_core.verb[0m [1;30mLevel 5[0m set package 'go2_driver' build argument 'cmake_clean_cache' from command line to 'False'
[8.290s] [34mcolcon.colcon_core.verb[0m [1;30mLevel 5[0m set package 'go2_driver' build argument 'cmake_clean_first' from command line to 'False'
[8.290s] [34mcolcon.colcon_core.verb[0m [1;30mLevel 5[0m set package 'go2_driver' build argument 'cmake_force_configure' from command line to 'False'
[8.290s] [34mcolcon.colcon_core.verb[0m [1;30mLevel 5[0m set package 'go2_driver' build argument 'ament_cmake_args' from command line to 'None'
[8.290s] [34mcolcon.colcon_core.verb[0m [1;30mLevel 5[0m set package 'go2_driver' build argument 'catkin_cmake_args' from command line to 'None'
[8.290s] [34mcolcon.colcon_core.verb[0m [1;30mLevel 5[0m set package 'go2_driver' build argument 'catkin_skip_building_tests' from command line to 'False'
[8.290s] [34mcolcon.colcon_core.verb[0m [1;30mDEBUG[0m [32mBuilding package 'go2_driver' with the following arguments: {'ament_cmake_args': None, 'build_base': '/home/unitree/new_daohan/go2-nav2-amcl/src/build/go2_driver', 'catkin_cmake_args': None, 'catkin_skip_building_tests': False, 'cmake_args': None, 'cmake_clean_cache': False, 'cmake_clean_first': False, 'cmake_force_configure': False, 'cmake_target': None, 'cmake_target_skip_unavailable': False, 'install_base': '/home/unitree/new_daohan/go2-nav2-amcl/src/install/go2_driver', 'merge_install': False, 'path': '/home/unitree/new_daohan/go2-nav2-amcl/src/base/go2_driver', 'symlink_install': False, 'test_result_base': None}[0m
[8.396s] [34mcolcon.colcon_core.verb[0m [1;30mLevel 5[0m set package 'go2_navigation2' build argument 'cmake_args' from command line to 'None'
[8.397s] [34mcolcon.colcon_core.verb[0m [1;30mLevel 5[0m set package 'go2_navigation2' build argument 'cmake_target' from command line to 'None'
[8.397s] [34mcolcon.colcon_core.verb[0m [1;30mLevel 5[0m set package 'go2_navigation2' build argument 'cmake_target_skip_unavailable' from command line to 'False'
[8.397s] [34mcolcon.colcon_core.verb[0m [1;30mLevel 5[0m set package 'go2_navigation2' build argument 'cmake_clean_cache' from command line to 'False'
[8.397s] [34mcolcon.colcon_core.verb[0m [1;30mLevel 5[0m set package 'go2_navigation2' build argument 'cmake_clean_first' from command line to 'False'
[8.397s] [34mcolcon.colcon_core.verb[0m [1;30mLevel 5[0m set package 'go2_navigation2' build argument 'cmake_force_configure' from command line to 'False'
[8.397s] [34mcolcon.colcon_core.verb[0m [1;30mLevel 5[0m set package 'go2_navigation2' build argument 'ament_cmake_args' from command line to 'None'
[8.398s] [34mcolcon.colcon_core.verb[0m [1;30mLevel 5[0m set package 'go2_navigation2' build argument 'catkin_cmake_args' from command line to 'None'
[8.398s] [34mcolcon.colcon_core.verb[0m [1;30mLevel 5[0m set package 'go2_navigation2' build argument 'catkin_skip_building_tests' from command line to 'False'
[8.398s] [34mcolcon.colcon_core.verb[0m [1;30mDEBUG[0m [32mBuilding package 'go2_navigation2' with the following arguments: {'ament_cmake_args': None, 'build_base': '/home/unitree/new_daohan/go2-nav2-amcl/src/build/go2_navigation2', 'catkin_cmake_args': None, 'catkin_skip_building_tests': False, 'cmake_args': None, 'cmake_clean_cache': False, 'cmake_clean_first': False, 'cmake_force_configure': False, 'cmake_target': None, 'cmake_target_skip_unavailable': False, 'install_base': '/home/unitree/new_daohan/go2-nav2-amcl/src/install/go2_navigation2', 'merge_install': False, 'path': '/home/unitree/new_daohan/go2-nav2-amcl/src/go2_navigation2', 'symlink_install': False, 'test_result_base': None}[0m
[8.508s] [34mcolcon.colcon_core.verb[0m [1;30mLevel 5[0m set package 'go2_perception' build argument 'cmake_args' from command line to 'None'
[8.508s] [34mcolcon.colcon_core.verb[0m [1;30mLevel 5[0m set package 'go2_perception' build argument 'cmake_target' from command line to 'None'
[8.508s] [34mcolcon.colcon_core.verb[0m [1;30mLevel 5[0m set package 'go2_perception' build argument 'cmake_target_skip_unavailable' from command line to 'False'
[8.509s] [34mcolcon.colcon_core.verb[0m [1;30mLevel 5[0m set package 'go2_perception' build argument 'cmake_clean_cache' from command line to 'False'
[8.509s] [34mcolcon.colcon_core.verb[0m [1;30mLevel 5[0m set package 'go2_perception' build argument 'cmake_clean_first' from command line to 'False'
[8.509s] [34mcolcon.colcon_core.verb[0m [1;30mLevel 5[0m set package 'go2_perception' build argument 'cmake_force_configure' from command line to 'False'
[8.509s] [34mcolcon.colcon_core.verb[0m [1;30mLevel 5[0m set package 'go2_perception' build argument 'ament_cmake_args' from command line to 'None'
[8.509s] [34mcolcon.colcon_core.verb[0m [1;30mLevel 5[0m set package 'go2_perception' build argument 'catkin_cmake_args' from command line to 'None'
[8.509s] [34mcolcon.colcon_core.verb[0m [1;30mLevel 5[0m set package 'go2_perception' build argument 'catkin_skip_building_tests' from command line to 'False'
[8.509s] [34mcolcon.colcon_core.verb[0m [1;30mDEBUG[0m [32mBuilding package 'go2_perception' with the following arguments: {'ament_cmake_args': None, 'build_base': '/home/unitree/new_daohan/go2-nav2-amcl/src/build/go2_perception', 'catkin_cmake_args': None, 'catkin_skip_building_tests': False, 'cmake_args': None, 'cmake_clean_cache': False, 'cmake_clean_first': False, 'cmake_force_configure': False, 'cmake_target': None, 'cmake_target_skip_unavailable': False, 'install_base': '/home/unitree/new_daohan/go2-nav2-amcl/src/install/go2_perception', 'merge_install': False, 'path': '/home/unitree/new_daohan/go2-nav2-amcl/src/go2_perception', 'symlink_install': False, 'test_result_base': None}[0m
[8.615s] [34mcolcon.colcon_core.verb[0m [1;30mLevel 5[0m set package 'go2_slam' build argument 'cmake_args' from command line to 'None'
[8.616s] [34mcolcon.colcon_core.verb[0m [1;30mLevel 5[0m set package 'go2_slam' build argument 'cmake_target' from command line to 'None'
[8.616s] [34mcolcon.colcon_core.verb[0m [1;30mLevel 5[0m set package 'go2_slam' build argument 'cmake_target_skip_unavailable' from command line to 'False'
[8.616s] [34mcolcon.colcon_core.verb[0m [1;30mLevel 5[0m set package 'go2_slam' build argument 'cmake_clean_cache' from command line to 'False'
[8.616s] [34mcolcon.colcon_core.verb[0m [1;30mLevel 5[0m set package 'go2_slam' build argument 'cmake_clean_first' from command line to 'False'
[8.616s] [34mcolcon.colcon_core.verb[0m [1;30mLevel 5[0m set package 'go2_slam' build argument 'cmake_force_configure' from command line to 'False'
[8.616s] [34mcolcon.colcon_core.verb[0m [1;30mLevel 5[0m set package 'go2_slam' build argument 'ament_cmake_args' from command line to 'None'
[8.616s] [34mcolcon.colcon_core.verb[0m [1;30mLevel 5[0m set package 'go2_slam' build argument 'catkin_cmake_args' from command line to 'None'
[8.616s] [34mcolcon.colcon_core.verb[0m [1;30mLevel 5[0m set package 'go2_slam' build argument 'catkin_skip_building_tests' from command line to 'False'
[8.616s] [34mcolcon.colcon_core.verb[0m [1;30mDEBUG[0m [32mBuilding package 'go2_slam' with the following arguments: {'ament_cmake_args': None, 'build_base': '/home/unitree/new_daohan/go2-nav2-amcl/src/build/go2_slam', 'catkin_cmake_args': None, 'catkin_skip_building_tests': False, 'cmake_args': None, 'cmake_clean_cache': False, 'cmake_clean_first': False, 'cmake_force_configure': False, 'cmake_target': None, 'cmake_target_skip_unavailable': False, 'install_base': '/home/unitree/new_daohan/go2-nav2-amcl/src/install/go2_slam', 'merge_install': False, 'path': '/home/unitree/new_daohan/go2-nav2-amcl/src/go2_slam', 'symlink_install': False, 'test_result_base': None}[0m
[8.723s] [34mcolcon.colcon_core.verb[0m [1;30mLevel 5[0m set package 'go2_twist_bridge' build argument 'cmake_args' from command line to 'None'
[8.723s] [34mcolcon.colcon_core.verb[0m [1;30mLevel 5[0m set package 'go2_twist_bridge' build argument 'cmake_target' from command line to 'None'
[8.723s] [34mcolcon.colcon_core.verb[0m [1;30mLevel 5[0m set package 'go2_twist_bridge' build argument 'cmake_target_skip_unavailable' from command line to 'False'
[8.723s] [34mcolcon.colcon_core.verb[0m [1;30mLevel 5[0m set package 'go2_twist_bridge' build argument 'cmake_clean_cache' from command line to 'False'
[8.723s] [34mcolcon.colcon_core.verb[0m [1;30mLevel 5[0m set package 'go2_twist_bridge' build argument 'cmake_clean_first' from command line to 'False'
[8.723s] [34mcolcon.colcon_core.verb[0m [1;30mLevel 5[0m set package 'go2_twist_bridge' build argument 'cmake_force_configure' from command line to 'False'
[8.724s] [34mcolcon.colcon_core.verb[0m [1;30mLevel 5[0m set package 'go2_twist_bridge' build argument 'ament_cmake_args' from command line to 'None'
[8.724s] [34mcolcon.colcon_core.verb[0m [1;30mLevel 5[0m set package 'go2_twist_bridge' build argument 'catkin_cmake_args' from command line to 'None'
[8.724s] [34mcolcon.colcon_core.verb[0m [1;30mLevel 5[0m set package 'go2_twist_bridge' build argument 'catkin_skip_building_tests' from command line to 'False'
[8.724s] [34mcolcon.colcon_core.verb[0m [1;30mDEBUG[0m [32mBuilding package 'go2_twist_bridge' with the following arguments: {'ament_cmake_args': None, 'build_base': '/home/unitree/new_daohan/go2-nav2-amcl/src/build/go2_twist_bridge', 'catkin_cmake_args': None, 'catkin_skip_building_tests': False, 'cmake_args': None, 'cmake_clean_cache': False, 'cmake_clean_first': False, 'cmake_force_configure': False, 'cmake_target': None, 'cmake_target_skip_unavailable': False, 'install_base': '/home/unitree/new_daohan/go2-nav2-amcl/src/install/go2_twist_bridge', 'merge_install': False, 'path': '/home/unitree/new_daohan/go2-nav2-amcl/src/base/go2_twist_bridge', 'symlink_install': False, 'test_result_base': None}[0m
[8.835s] [34mcolcon.colcon_core.executor[0m [1;30mINFO[0m Executing jobs using 'parallel' executor
[8.949s] [34mcolcon.colcon_parallel_executor.executor.parallel[0m [1;30mDEBUG[0m [32mrun_until_complete[0m
[8.949s] [34mcolcon.colcon_ros.task.ament_cmake.build[0m [1;30mINFO[0m Building ROS package in '/home/unitree/new_daohan/go2-nav2-amcl/src/base/go2_core' with build type 'ament_cmake'
[8.950s] [34mcolcon.colcon_cmake.task.cmake.build[0m [1;30mINFO[0m Building CMake package in '/home/unitree/new_daohan/go2-nav2-amcl/src/base/go2_core'
[9.045s] [34mcolcon.colcon_core.plugin_system[0m [1;30mINFO[0m Skipping extension 'colcon_core.shell.bat': Not used on non-Windows systems
[9.045s] [34mcolcon.colcon_core.shell[0m [1;30mINFO[0m Skip shell extension 'powershell' for command environment: Not usable outside of PowerShell
[9.045s] [34mcolcon.colcon_core.shell[0m [1;30mDEBUG[0m [32mSkip shell extension 'dsv' for command environment[0m
[9.692s] [34mcolcon.colcon_ros.task.ament_cmake.build[0m [1;30mINFO[0m Building ROS package in '/home/unitree/new_daohan/go2-nav2-amcl/src/go2_description' with build type 'ament_cmake'
[9.693s] [34mcolcon.colcon_cmake.task.cmake.build[0m [1;30mINFO[0m Building CMake package in '/home/unitree/new_daohan/go2-nav2-amcl/src/go2_description'
[9.791s] [34mcolcon.colcon_core.shell[0m [1;30mINFO[0m Skip shell extension 'powershell' for command environment: Not usable outside of PowerShell
[9.792s] [34mcolcon.colcon_core.shell[0m [1;30mDEBUG[0m [32mSkip shell extension 'dsv' for command environment[0m
[10.495s] [34mcolcon.colcon_ros.task.ament_cmake.build[0m [1;30mINFO[0m Building ROS package in '/home/unitree/new_daohan/go2-nav2-amcl/src/base/go2_driver' with build type 'ament_cmake'
[10.496s] [34mcolcon.colcon_cmake.task.cmake.build[0m [1;30mINFO[0m Building CMake package in '/home/unitree/new_daohan/go2-nav2-amcl/src/base/go2_driver'
[10.600s] [34mcolcon.colcon_core.shell[0m [1;30mINFO[0m Skip shell extension 'powershell' for command environment: Not usable outside of PowerShell
[10.600s] [34mcolcon.colcon_core.shell[0m [1;30mDEBUG[0m [32mSkip shell extension 'dsv' for command environment[0m
[11.257s] [34mcolcon.colcon_ros.task.ament_cmake.build[0m [1;30mINFO[0m Building ROS package in '/home/unitree/new_daohan/go2-nav2-amcl/src/go2_navigation2' with build type 'ament_cmake'
[11.258s] [34mcolcon.colcon_cmake.task.cmake.build[0m [1;30mINFO[0m Building CMake package in '/home/unitree/new_daohan/go2-nav2-amcl/src/go2_navigation2'
[11.392s] [34mcolcon.colcon_core.shell[0m [1;30mINFO[0m Skip shell extension 'powershell' for command environment: Not usable outside of PowerShell
[11.392s] [34mcolcon.colcon_core.shell[0m [1;30mDEBUG[0m [32mSkip shell extension 'dsv' for command environment[0m
[12.307s] [34mcolcon.colcon_ros.task.ament_cmake.build[0m [1;30mINFO[0m Building ROS package in '/home/unitree/new_daohan/go2-nav2-amcl/src/go2_perception' with build type 'ament_cmake'
[12.308s] [34mcolcon.colcon_cmake.task.cmake.build[0m [1;30mINFO[0m Building CMake package in '/home/unitree/new_daohan/go2-nav2-amcl/src/go2_perception'
[12.403s] [34mcolcon.colcon_core.shell[0m [1;30mINFO[0m Skip shell extension 'powershell' for command environment: Not usable outside of PowerShell
[12.404s] [34mcolcon.colcon_core.shell[0m [1;30mDEBUG[0m [32mSkip shell extension 'dsv' for command environment[0m
[13.343s] [34mcolcon.colcon_ros.task.ament_cmake.build[0m [1;30mINFO[0m Building ROS package in '/home/unitree/new_daohan/go2-nav2-amcl/src/go2_slam' with build type 'ament_cmake'
[13.345s] [34mcolcon.colcon_cmake.task.cmake.build[0m [1;30mINFO[0m Building CMake package in '/home/unitree/new_daohan/go2-nav2-amcl/src/go2_slam'
[13.439s] [34mcolcon.colcon_core.shell[0m [1;30mINFO[0m Skip shell extension 'powershell' for command environment: Not usable outside of PowerShell
[13.439s] [34mcolcon.colcon_core.shell[0m [1;30mDEBUG[0m [32mSkip shell extension 'dsv' for command environment[0m
[14.093s] [34mcolcon.colcon_core.event_handler.log_command[0m [1;30mDEBUG[0m [32mInvoking command in '/home/unitree/new_daohan/go2-nav2-amcl/src/build/go2_core': CMAKE_PREFIX_PATH=${CMAKE_PREFIX_PATH}:/opt/ros/foxy /usr/local/bin/cmake /home/unitree/new_daohan/go2-nav2-amcl/src/base/go2_core -DCMAKE_INSTALL_PREFIX=/home/unitree/new_daohan/go2-nav2-amcl/src/install/go2_core[0m
[14.114s] [34mcolcon.colcon_core.event_handler.log_command[0m [1;30mDEBUG[0m [32mInvoking command in '/home/unitree/new_daohan/go2-nav2-amcl/src/build/go2_description': CMAKE_PREFIX_PATH=${CMAKE_PREFIX_PATH}:/opt/ros/foxy /usr/local/bin/cmake /home/unitree/new_daohan/go2-nav2-amcl/src/go2_description -DCMAKE_INSTALL_PREFIX=/home/unitree/new_daohan/go2-nav2-amcl/src/install/go2_description[0m
[14.126s] [34mcolcon.colcon_core.event_handler.log_command[0m [1;30mDEBUG[0m [32mInvoking command in '/home/unitree/new_daohan/go2-nav2-amcl/src/build/go2_driver': CMAKE_PREFIX_PATH=${CMAKE_PREFIX_PATH}:/opt/ros/foxy /usr/local/bin/cmake /home/unitree/new_daohan/go2-nav2-amcl/src/base/go2_driver -DCMAKE_INSTALL_PREFIX=/home/unitree/new_daohan/go2-nav2-amcl/src/install/go2_driver[0m
[14.137s] [34mcolcon.colcon_core.event_handler.log_command[0m [1;30mDEBUG[0m [32mInvoking command in '/home/unitree/new_daohan/go2-nav2-amcl/src/build/go2_navigation2': CMAKE_PREFIX_PATH=${CMAKE_PREFIX_PATH}:/opt/ros/foxy /usr/local/bin/cmake /home/unitree/new_daohan/go2-nav2-amcl/src/go2_navigation2 -DCMAKE_INSTALL_PREFIX=/home/unitree/new_daohan/go2-nav2-amcl/src/install/go2_navigation2[0m
[14.148s] [34mcolcon.colcon_core.event_handler.log_command[0m [1;30mDEBUG[0m [32mInvoking command in '/home/unitree/new_daohan/go2-nav2-amcl/src/build/go2_perception': CMAKE_PREFIX_PATH=${CMAKE_PREFIX_PATH}:/opt/ros/foxy /usr/local/bin/cmake /home/unitree/new_daohan/go2-nav2-amcl/src/go2_perception -DCMAKE_INSTALL_PREFIX=/home/unitree/new_daohan/go2-nav2-amcl/src/install/go2_perception[0m
[14.192s] [34mcolcon.colcon_core.event_handler.log_command[0m [1;30mDEBUG[0m [32mInvoking command in '/home/unitree/new_daohan/go2-nav2-amcl/src/build/go2_slam': CMAKE_PREFIX_PATH=${CMAKE_PREFIX_PATH}:/opt/ros/foxy /usr/local/bin/cmake /home/unitree/new_daohan/go2-nav2-amcl/src/go2_slam -DCMAKE_INSTALL_PREFIX=/home/unitree/new_daohan/go2-nav2-amcl/src/install/go2_slam[0m
[16.223s] [34mcolcon.colcon_core.event_handler.log_command[0m [1;30mDEBUG[0m [32mInvoked command in '/home/unitree/new_daohan/go2-nav2-amcl/src/build/go2_description' returned '0': CMAKE_PREFIX_PATH=${CMAKE_PREFIX_PATH}:/opt/ros/foxy /usr/local/bin/cmake /home/unitree/new_daohan/go2-nav2-amcl/src/go2_description -DCMAKE_INSTALL_PREFIX=/home/unitree/new_daohan/go2-nav2-amcl/src/install/go2_description[0m
[16.224s] [34mcolcon.colcon_core.event_handler.log_command[0m [1;30mDEBUG[0m [32mInvoking command in '/home/unitree/new_daohan/go2-nav2-amcl/src/build/go2_description': CMAKE_PREFIX_PATH=${CMAKE_PREFIX_PATH}:/opt/ros/foxy /usr/local/bin/cmake --build /home/unitree/new_daohan/go2-nav2-amcl/src/build/go2_description -- -j6 -l6[0m
[16.384s] [34mcolcon.colcon_core.event_handler.log_command[0m [1;30mDEBUG[0m [32mInvoked command in '/home/unitree/new_daohan/go2-nav2-amcl/src/build/go2_slam' returned '0': CMAKE_PREFIX_PATH=${CMAKE_PREFIX_PATH}:/opt/ros/foxy /usr/local/bin/cmake /home/unitree/new_daohan/go2-nav2-amcl/src/go2_slam -DCMAKE_INSTALL_PREFIX=/home/unitree/new_daohan/go2-nav2-amcl/src/install/go2_slam[0m
[16.395s] [34mcolcon.colcon_core.event_handler.log_command[0m [1;30mDEBUG[0m [32mInvoking command in '/home/unitree/new_daohan/go2-nav2-amcl/src/build/go2_slam': CMAKE_PREFIX_PATH=${CMAKE_PREFIX_PATH}:/opt/ros/foxy /usr/local/bin/cmake --build /home/unitree/new_daohan/go2-nav2-amcl/src/build/go2_slam -- -j6 -l6[0m
[16.406s] [34mcolcon.colcon_core.event_handler.log_command[0m [1;30mDEBUG[0m [32mInvoked command in '/home/unitree/new_daohan/go2-nav2-amcl/src/build/go2_description' returned '0': CMAKE_PREFIX_PATH=${CMAKE_PREFIX_PATH}:/opt/ros/foxy /usr/local/bin/cmake --build /home/unitree/new_daohan/go2-nav2-amcl/src/build/go2_description -- -j6 -l6[0m
[16.431s] [34mcolcon.colcon_core.event_handler.log_command[0m [1;30mDEBUG[0m [32mInvoking command in '/home/unitree/new_daohan/go2-nav2-amcl/src/build/go2_description': CMAKE_PREFIX_PATH=${CMAKE_PREFIX_PATH}:/opt/ros/foxy /usr/local/bin/cmake --install /home/unitree/new_daohan/go2-nav2-amcl/src/build/go2_description[0m
[16.488s] [34mcolcon.colcon_core.event_handler.log_command[0m [1;30mDEBUG[0m [32mInvoked command in '/home/unitree/new_daohan/go2-nav2-amcl/src/build/go2_slam' returned '0': CMAKE_PREFIX_PATH=${CMAKE_PREFIX_PATH}:/opt/ros/foxy /usr/local/bin/cmake --build /home/unitree/new_daohan/go2-nav2-amcl/src/build/go2_slam -- -j6 -l6[0m
[16.490s] [34mcolcon.colcon_core.event_handler.log_command[0m [1;30mDEBUG[0m [32mInvoking command in '/home/unitree/new_daohan/go2-nav2-amcl/src/build/go2_slam': CMAKE_PREFIX_PATH=${CMAKE_PREFIX_PATH}:/opt/ros/foxy /usr/local/bin/cmake --install /home/unitree/new_daohan/go2-nav2-amcl/src/build/go2_slam[0m
[16.673s] [34mcolcon.colcon_core.environment[0m [1;30mLevel 1[0m create_environment_scripts_only(go2_description)
[16.711s] [34mcolcon.colcon_core.event_handler.log_command[0m [1;30mDEBUG[0m [32mInvoked command in '/home/unitree/new_daohan/go2-nav2-amcl/src/build/go2_description' returned '0': CMAKE_PREFIX_PATH=${CMAKE_PREFIX_PATH}:/opt/ros/foxy /usr/local/bin/cmake --install /home/unitree/new_daohan/go2-nav2-amcl/src/build/go2_description[0m
[16.814s] [34mcolcon.colcon_core.environment[0m [1;30mLevel 1[0m checking '/home/unitree/new_daohan/go2-nav2-amcl/src/install/go2_description' for CMake module files
[16.816s] [34mcolcon.colcon_core.environment[0m [1;30mLevel 1[0m checking '/home/unitree/new_daohan/go2-nav2-amcl/src/install/go2_description' for CMake config files
[16.816s] [34mcolcon.colcon_core.shell[0m [1;30mLevel 1[0m create_environment_hook('go2_description', 'cmake_prefix_path')
[16.922s] [34mcolcon.colcon_core.shell[0m [1;30mINFO[0m Creating environment hook '/home/unitree/new_daohan/go2-nav2-amcl/src/install/go2_description/share/go2_description/hook/cmake_prefix_path.ps1'
[16.925s] [34mcolcon.colcon_core.shell[0m [1;30mINFO[0m Creating environment descriptor '/home/unitree/new_daohan/go2-nav2-amcl/src/install/go2_description/share/go2_description/hook/cmake_prefix_path.dsv'
[16.927s] [34mcolcon.colcon_core.shell[0m [1;30mINFO[0m Creating environment hook '/home/unitree/new_daohan/go2-nav2-amcl/src/install/go2_description/share/go2_description/hook/cmake_prefix_path.sh'
[16.930s] [34mcolcon.colcon_core.environment[0m [1;30mLevel 1[0m checking '/home/unitree/new_daohan/go2-nav2-amcl/src/install/go2_description/bin'
[16.930s] [34mcolcon.colcon_core.environment[0m [1;30mLevel 1[0m checking '/home/unitree/new_daohan/go2-nav2-amcl/src/install/go2_description/lib/pkgconfig/go2_description.pc'
[16.931s] [34mcolcon.colcon_core.environment[0m [1;30mLevel 1[0m checking '/home/unitree/new_daohan/go2-nav2-amcl/src/install/go2_description/lib/python3.8/site-packages'
[16.931s] [34mcolcon.colcon_core.environment[0m [1;30mLevel 1[0m checking '/home/unitree/new_daohan/go2-nav2-amcl/src/install/go2_description/bin'
[17.052s] [34mcolcon.colcon_core.shell[0m [1;30mINFO[0m Creating package script '/home/unitree/new_daohan/go2-nav2-amcl/src/install/go2_description/share/go2_description/package.ps1'
[17.058s] [34mcolcon.colcon_core.shell[0m [1;30mINFO[0m Creating package descriptor '/home/unitree/new_daohan/go2-nav2-amcl/src/install/go2_description/share/go2_description/package.dsv'
[17.059s] [34mcolcon.colcon_core.shell[0m [1;30mINFO[0m Creating package script '/home/unitree/new_daohan/go2-nav2-amcl/src/install/go2_description/share/go2_description/package.sh'
[17.063s] [34mcolcon.colcon_core.shell[0m [1;30mINFO[0m Creating package script '/home/unitree/new_daohan/go2-nav2-amcl/src/install/go2_description/share/go2_description/package.bash'
[17.064s] [34mcolcon.colcon_core.shell[0m [1;30mINFO[0m Creating package script '/home/unitree/new_daohan/go2-nav2-amcl/src/install/go2_description/share/go2_description/package.zsh'
[17.066s] [34mcolcon.colcon_core.environment[0m [1;30mLevel 1[0m create_file_with_runtime_dependencies(/home/unitree/new_daohan/go2-nav2-amcl/src/install/go2_description/share/colcon-core/packages/go2_description)
[17.181s] [34mcolcon.colcon_core.environment[0m [1;30mLevel 1[0m create_environment_scripts_only(go2_description)
[17.363s] [34mcolcon.colcon_core.environment[0m [1;30mLevel 1[0m checking '/home/unitree/new_daohan/go2-nav2-amcl/src/install/go2_description' for CMake module files
[17.364s] [34mcolcon.colcon_core.environment[0m [1;30mLevel 1[0m checking '/home/unitree/new_daohan/go2-nav2-amcl/src/install/go2_description' for CMake config files
[17.365s] [34mcolcon.colcon_core.shell[0m [1;30mLevel 1[0m create_environment_hook('go2_description', 'cmake_prefix_path')
[17.506s] [34mcolcon.colcon_core.shell[0m [1;30mINFO[0m Creating environment hook '/home/unitree/new_daohan/go2-nav2-amcl/src/install/go2_description/share/go2_description/hook/cmake_prefix_path.ps1'
[17.508s] [34mcolcon.colcon_core.shell[0m [1;30mINFO[0m Creating environment descriptor '/home/unitree/new_daohan/go2-nav2-amcl/src/install/go2_description/share/go2_description/hook/cmake_prefix_path.dsv'
[17.509s] [34mcolcon.colcon_core.shell[0m [1;30mINFO[0m Creating environment hook '/home/unitree/new_daohan/go2-nav2-amcl/src/install/go2_description/share/go2_description/hook/cmake_prefix_path.sh'
[17.510s] [34mcolcon.colcon_core.environment[0m [1;30mLevel 1[0m checking '/home/unitree/new_daohan/go2-nav2-amcl/src/install/go2_description/bin'
[17.510s] [34mcolcon.colcon_core.environment[0m [1;30mLevel 1[0m checking '/home/unitree/new_daohan/go2-nav2-amcl/src/install/go2_description/lib/pkgconfig/go2_description.pc'
[17.511s] [34mcolcon.colcon_core.environment[0m [1;30mLevel 1[0m checking '/home/unitree/new_daohan/go2-nav2-amcl/src/install/go2_description/lib/python3.8/site-packages'
[17.511s] [34mcolcon.colcon_core.environment[0m [1;30mLevel 1[0m checking '/home/unitree/new_daohan/go2-nav2-amcl/src/install/go2_description/bin'
[17.633s] [34mcolcon.colcon_core.shell[0m [1;30mINFO[0m Creating package script '/home/unitree/new_daohan/go2-nav2-amcl/src/install/go2_description/share/go2_description/package.ps1'
[17.635s] [34mcolcon.colcon_core.shell[0m [1;30mINFO[0m Creating package descriptor '/home/unitree/new_daohan/go2-nav2-amcl/src/install/go2_description/share/go2_description/package.dsv'
[17.640s] [34mcolcon.colcon_core.shell[0m [1;30mINFO[0m Creating package script '/home/unitree/new_daohan/go2-nav2-amcl/src/install/go2_description/share/go2_description/package.sh'
[17.644s] [34mcolcon.colcon_core.shell[0m [1;30mINFO[0m Creating package script '/home/unitree/new_daohan/go2-nav2-amcl/src/install/go2_description/share/go2_description/package.bash'
[17.645s] [34mcolcon.colcon_core.shell[0m [1;30mINFO[0m Creating package script '/home/unitree/new_daohan/go2-nav2-amcl/src/install/go2_description/share/go2_description/package.zsh'
[17.647s] [34mcolcon.colcon_core.environment[0m [1;30mLevel 1[0m create_file_with_runtime_dependencies(/home/unitree/new_daohan/go2-nav2-amcl/src/install/go2_description/share/colcon-core/packages/go2_description)
[17.650s] [34mcolcon.colcon_ros.task.ament_cmake.build[0m [1;30mINFO[0m Building ROS package in '/home/unitree/new_daohan/go2-nav2-amcl/src/base/go2_twist_bridge' with build type 'ament_cmake'
[17.651s] [34mcolcon.colcon_cmake.task.cmake.build[0m [1;30mINFO[0m Building CMake package in '/home/unitree/new_daohan/go2-nav2-amcl/src/base/go2_twist_bridge'
[17.768s] [34mcolcon.colcon_core.shell[0m [1;30mINFO[0m Skip shell extension 'powershell' for command environment: Not usable outside of PowerShell
[17.769s] [34mcolcon.colcon_core.shell[0m [1;30mDEBUG[0m [32mSkip shell extension 'dsv' for command environment[0m
[18.630s] [34mcolcon.colcon_core.environment[0m [1;30mLevel 1[0m create_environment_scripts_only(go2_slam)
[18.638s] [34mcolcon.colcon_core.event_handler.log_command[0m [1;30mDEBUG[0m [32mInvoked command in '/home/unitree/new_daohan/go2-nav2-amcl/src/build/go2_slam' returned '0': CMAKE_PREFIX_PATH=${CMAKE_PREFIX_PATH}:/opt/ros/foxy /usr/local/bin/cmake --install /home/unitree/new_daohan/go2-nav2-amcl/src/build/go2_slam[0m
[18.756s] [34mcolcon.colcon_core.environment[0m [1;30mLevel 1[0m checking '/home/unitree/new_daohan/go2-nav2-amcl/src/install/go2_slam' for CMake module files
[18.759s] [34mcolcon.colcon_core.environment[0m [1;30mLevel 1[0m checking '/home/unitree/new_daohan/go2-nav2-amcl/src/install/go2_slam' for CMake config files
[18.760s] [34mcolcon.colcon_core.shell[0m [1;30mLevel 1[0m create_environment_hook('go2_slam', 'cmake_prefix_path')
[18.881s] [34mcolcon.colcon_core.shell[0m [1;30mINFO[0m Creating environment hook '/home/unitree/new_daohan/go2-nav2-amcl/src/install/go2_slam/share/go2_slam/hook/cmake_prefix_path.ps1'
[18.882s] [34mcolcon.colcon_core.shell[0m [1;30mINFO[0m Creating environment descriptor '/home/unitree/new_daohan/go2-nav2-amcl/src/install/go2_slam/share/go2_slam/hook/cmake_prefix_path.dsv'
[18.883s] [34mcolcon.colcon_core.shell[0m [1;30mINFO[0m Creating environment hook '/home/unitree/new_daohan/go2-nav2-amcl/src/install/go2_slam/share/go2_slam/hook/cmake_prefix_path.sh'
[18.884s] [34mcolcon.colcon_core.environment[0m [1;30mLevel 1[0m checking '/home/unitree/new_daohan/go2-nav2-amcl/src/install/go2_slam/bin'
[18.885s] [34mcolcon.colcon_core.environment[0m [1;30mLevel 1[0m checking '/home/unitree/new_daohan/go2-nav2-amcl/src/install/go2_slam/lib/pkgconfig/go2_slam.pc'
[18.886s] [34mcolcon.colcon_core.environment[0m [1;30mLevel 1[0m checking '/home/unitree/new_daohan/go2-nav2-amcl/src/install/go2_slam/lib/python3.8/site-packages'
[18.886s] [34mcolcon.colcon_core.environment[0m [1;30mLevel 1[0m checking '/home/unitree/new_daohan/go2-nav2-amcl/src/install/go2_slam/bin'
[19.015s] [34mcolcon.colcon_core.shell[0m [1;30mINFO[0m Creating package script '/home/unitree/new_daohan/go2-nav2-amcl/src/install/go2_slam/share/go2_slam/package.ps1'
[19.017s] [34mcolcon.colcon_core.shell[0m [1;30mINFO[0m Creating package descriptor '/home/unitree/new_daohan/go2-nav2-amcl/src/install/go2_slam/share/go2_slam/package.dsv'
[19.018s] [34mcolcon.colcon_core.shell[0m [1;30mINFO[0m Creating package script '/home/unitree/new_daohan/go2-nav2-amcl/src/install/go2_slam/share/go2_slam/package.sh'
[19.019s] [34mcolcon.colcon_core.shell[0m [1;30mINFO[0m Creating package script '/home/unitree/new_daohan/go2-nav2-amcl/src/install/go2_slam/share/go2_slam/package.bash'
[19.020s] [34mcolcon.colcon_core.shell[0m [1;30mINFO[0m Creating package script '/home/unitree/new_daohan/go2-nav2-amcl/src/install/go2_slam/share/go2_slam/package.zsh'
[19.021s] [34mcolcon.colcon_core.environment[0m [1;30mLevel 1[0m create_file_with_runtime_dependencies(/home/unitree/new_daohan/go2-nav2-amcl/src/install/go2_slam/share/colcon-core/packages/go2_slam)
[19.136s] [34mcolcon.colcon_core.environment[0m [1;30mLevel 1[0m create_environment_scripts_only(go2_slam)
[19.253s] [34mcolcon.colcon_core.environment[0m [1;30mLevel 1[0m checking '/home/unitree/new_daohan/go2-nav2-amcl/src/install/go2_slam' for CMake module files
[19.254s] [34mcolcon.colcon_core.environment[0m [1;30mLevel 1[0m checking '/home/unitree/new_daohan/go2-nav2-amcl/src/install/go2_slam' for CMake config files
[19.254s] [34mcolcon.colcon_core.shell[0m [1;30mLevel 1[0m create_environment_hook('go2_slam', 'cmake_prefix_path')
[19.359s] [34mcolcon.colcon_core.shell[0m [1;30mINFO[0m Creating environment hook '/home/unitree/new_daohan/go2-nav2-amcl/src/install/go2_slam/share/go2_slam/hook/cmake_prefix_path.ps1'
[19.361s] [34mcolcon.colcon_core.shell[0m [1;30mINFO[0m Creating environment descriptor '/home/unitree/new_daohan/go2-nav2-amcl/src/install/go2_slam/share/go2_slam/hook/cmake_prefix_path.dsv'
[19.362s] [34mcolcon.colcon_core.shell[0m [1;30mINFO[0m Creating environment hook '/home/unitree/new_daohan/go2-nav2-amcl/src/install/go2_slam/share/go2_slam/hook/cmake_prefix_path.sh'
[19.363s] [34mcolcon.colcon_core.environment[0m [1;30mLevel 1[0m checking '/home/unitree/new_daohan/go2-nav2-amcl/src/install/go2_slam/bin'
[19.363s] [34mcolcon.colcon_core.environment[0m [1;30mLevel 1[0m checking '/home/unitree/new_daohan/go2-nav2-amcl/src/install/go2_slam/lib/pkgconfig/go2_slam.pc'
[19.364s] [34mcolcon.colcon_core.environment[0m [1;30mLevel 1[0m checking '/home/unitree/new_daohan/go2-nav2-amcl/src/install/go2_slam/lib/python3.8/site-packages'
[19.364s] [34mcolcon.colcon_core.environment[0m [1;30mLevel 1[0m checking '/home/unitree/new_daohan/go2-nav2-amcl/src/install/go2_slam/bin'
[19.484s] [34mcolcon.colcon_core.shell[0m [1;30mINFO[0m Creating package script '/home/unitree/new_daohan/go2-nav2-amcl/src/install/go2_slam/share/go2_slam/package.ps1'
[19.486s] [34mcolcon.colcon_core.shell[0m [1;30mINFO[0m Creating package descriptor '/home/unitree/new_daohan/go2-nav2-amcl/src/install/go2_slam/share/go2_slam/package.dsv'
[19.487s] [34mcolcon.colcon_core.shell[0m [1;30mINFO[0m Creating package script '/home/unitree/new_daohan/go2-nav2-amcl/src/install/go2_slam/share/go2_slam/package.sh'
[19.488s] [34mcolcon.colcon_core.shell[0m [1;30mINFO[0m Creating package script '/home/unitree/new_daohan/go2-nav2-amcl/src/install/go2_slam/share/go2_slam/package.bash'
[19.489s] [34mcolcon.colcon_core.shell[0m [1;30mINFO[0m Creating package script '/home/unitree/new_daohan/go2-nav2-amcl/src/install/go2_slam/share/go2_slam/package.zsh'
[19.490s] [34mcolcon.colcon_core.environment[0m [1;30mLevel 1[0m create_file_with_runtime_dependencies(/home/unitree/new_daohan/go2-nav2-amcl/src/install/go2_slam/share/colcon-core/packages/go2_slam)
[19.495s] [34mcolcon.colcon_core.event_handler.log_command[0m [1;30mDEBUG[0m [32mInvoked command in '/home/unitree/new_daohan/go2-nav2-amcl/src/build/go2_navigation2' returned '0': CMAKE_PREFIX_PATH=${CMAKE_PREFIX_PATH}:/opt/ros/foxy /usr/local/bin/cmake /home/unitree/new_daohan/go2-nav2-amcl/src/go2_navigation2 -DCMAKE_INSTALL_PREFIX=/home/unitree/new_daohan/go2-nav2-amcl/src/install/go2_navigation2[0m
[19.498s] [34mcolcon.colcon_core.event_handler.log_command[0m [1;30mDEBUG[0m [32mInvoking command in '/home/unitree/new_daohan/go2-nav2-amcl/src/build/go2_navigation2': CMAKE_PREFIX_PATH=${CMAKE_PREFIX_PATH}:/opt/ros/foxy /usr/local/bin/cmake --build /home/unitree/new_daohan/go2-nav2-amcl/src/build/go2_navigation2 -- -j6 -l6[0m
[19.548s] [34mcolcon.colcon_core.event_handler.log_command[0m [1;30mDEBUG[0m [32mInvoking command in '/home/unitree/new_daohan/go2-nav2-amcl/src/build/go2_twist_bridge': CMAKE_PREFIX_PATH=${CMAKE_PREFIX_PATH}:/opt/ros/foxy /usr/local/bin/cmake /home/unitree/new_daohan/go2-nav2-amcl/src/base/go2_twist_bridge -DCMAKE_INSTALL_PREFIX=/home/unitree/new_daohan/go2-nav2-amcl/src/install/go2_twist_bridge[0m
[20.128s] [34mcolcon.colcon_core.event_handler.log_command[0m [1;30mDEBUG[0m [32mInvoked command in '/home/unitree/new_daohan/go2-nav2-amcl/src/build/go2_navigation2' returned '0': CMAKE_PREFIX_PATH=${CMAKE_PREFIX_PATH}:/opt/ros/foxy /usr/local/bin/cmake --build /home/unitree/new_daohan/go2-nav2-amcl/src/build/go2_navigation2 -- -j6 -l6[0m
[20.130s] [34mcolcon.colcon_core.event_handler.log_command[0m [1;30mDEBUG[0m [32mInvoking command in '/home/unitree/new_daohan/go2-nav2-amcl/src/build/go2_navigation2': CMAKE_PREFIX_PATH=${CMAKE_PREFIX_PATH}:/opt/ros/foxy /usr/local/bin/cmake --install /home/unitree/new_daohan/go2-nav2-amcl/src/build/go2_navigation2[0m
[20.179s] [34mcolcon.colcon_core.environment[0m [1;30mLevel 1[0m create_environment_scripts_only(go2_navigation2)
[20.180s] [34mcolcon.colcon_core.event_handler.log_command[0m [1;30mDEBUG[0m [32mInvoked command in '/home/unitree/new_daohan/go2-nav2-amcl/src/build/go2_navigation2' returned '0': CMAKE_PREFIX_PATH=${CMAKE_PREFIX_PATH}:/opt/ros/foxy /usr/local/bin/cmake --install /home/unitree/new_daohan/go2-nav2-amcl/src/build/go2_navigation2[0m
[20.368s] [34mcolcon.colcon_core.environment[0m [1;30mLevel 1[0m checking '/home/unitree/new_daohan/go2-nav2-amcl/src/install/go2_navigation2' for CMake module files
[20.370s] [34mcolcon.colcon_core.environment[0m [1;30mLevel 1[0m checking '/home/unitree/new_daohan/go2-nav2-amcl/src/install/go2_navigation2' for CMake config files
[20.371s] [34mcolcon.colcon_core.shell[0m [1;30mLevel 1[0m create_environment_hook('go2_navigation2', 'cmake_prefix_path')
[20.473s] [34mcolcon.colcon_core.shell[0m [1;30mINFO[0m Creating environment hook '/home/unitree/new_daohan/go2-nav2-amcl/src/install/go2_navigation2/share/go2_navigation2/hook/cmake_prefix_path.ps1'
[20.474s] [34mcolcon.colcon_core.shell[0m [1;30mINFO[0m Creating environment descriptor '/home/unitree/new_daohan/go2-nav2-amcl/src/install/go2_navigation2/share/go2_navigation2/hook/cmake_prefix_path.dsv'
[20.475s] [34mcolcon.colcon_core.shell[0m [1;30mINFO[0m Creating environment hook '/home/unitree/new_daohan/go2-nav2-amcl/src/install/go2_navigation2/share/go2_navigation2/hook/cmake_prefix_path.sh'
[20.476s] [34mcolcon.colcon_core.environment[0m [1;30mLevel 1[0m checking '/home/unitree/new_daohan/go2-nav2-amcl/src/install/go2_navigation2/lib'
[20.479s] [34mcolcon.colcon_core.environment[0m [1;30mLevel 1[0m checking '/home/unitree/new_daohan/go2-nav2-amcl/src/install/go2_navigation2/bin'
[20.480s] [34mcolcon.colcon_core.environment[0m [1;30mLevel 1[0m checking '/home/unitree/new_daohan/go2-nav2-amcl/src/install/go2_navigation2/lib/pkgconfig/go2_navigation2.pc'
[20.480s] [34mcolcon.colcon_core.environment[0m [1;30mLevel 1[0m checking '/home/unitree/new_daohan/go2-nav2-amcl/src/install/go2_navigation2/lib/python3.8/site-packages'
[20.481s] [34mcolcon.colcon_core.environment[0m [1;30mLevel 1[0m checking '/home/unitree/new_daohan/go2-nav2-amcl/src/install/go2_navigation2/bin'
[20.616s] [34mcolcon.colcon_core.shell[0m [1;30mINFO[0m Creating package script '/home/unitree/new_daohan/go2-nav2-amcl/src/install/go2_navigation2/share/go2_navigation2/package.ps1'
[20.623s] [34mcolcon.colcon_core.shell[0m [1;30mINFO[0m Creating package descriptor '/home/unitree/new_daohan/go2-nav2-amcl/src/install/go2_navigation2/share/go2_navigation2/package.dsv'
[20.627s] [34mcolcon.colcon_core.shell[0m [1;30mINFO[0m Creating package script '/home/unitree/new_daohan/go2-nav2-amcl/src/install/go2_navigation2/share/go2_navigation2/package.sh'
[20.628s] [34mcolcon.colcon_core.shell[0m [1;30mINFO[0m Creating package script '/home/unitree/new_daohan/go2-nav2-amcl/src/install/go2_navigation2/share/go2_navigation2/package.bash'
[20.628s] [34mcolcon.colcon_core.shell[0m [1;30mINFO[0m Creating package script '/home/unitree/new_daohan/go2-nav2-amcl/src/install/go2_navigation2/share/go2_navigation2/package.zsh'
[20.631s] [34mcolcon.colcon_core.environment[0m [1;30mLevel 1[0m create_file_with_runtime_dependencies(/home/unitree/new_daohan/go2-nav2-amcl/src/install/go2_navigation2/share/colcon-core/packages/go2_navigation2)
[20.899s] [34mcolcon.colcon_core.environment[0m [1;30mLevel 1[0m create_environment_scripts_only(go2_navigation2)
[21.015s] [34mcolcon.colcon_core.environment[0m [1;30mLevel 1[0m checking '/home/unitree/new_daohan/go2-nav2-amcl/src/install/go2_navigation2' for CMake module files
[21.017s] [34mcolcon.colcon_core.environment[0m [1;30mLevel 1[0m checking '/home/unitree/new_daohan/go2-nav2-amcl/src/install/go2_navigation2' for CMake config files
[21.017s] [34mcolcon.colcon_core.shell[0m [1;30mLevel 1[0m create_environment_hook('go2_navigation2', 'cmake_prefix_path')
[21.147s] [34mcolcon.colcon_core.shell[0m [1;30mINFO[0m Creating environment hook '/home/unitree/new_daohan/go2-nav2-amcl/src/install/go2_navigation2/share/go2_navigation2/hook/cmake_prefix_path.ps1'
[21.148s] [34mcolcon.colcon_core.shell[0m [1;30mINFO[0m Creating environment descriptor '/home/unitree/new_daohan/go2-nav2-amcl/src/install/go2_navigation2/share/go2_navigation2/hook/cmake_prefix_path.dsv'
[21.149s] [34mcolcon.colcon_core.shell[0m [1;30mINFO[0m Creating environment hook '/home/unitree/new_daohan/go2-nav2-amcl/src/install/go2_navigation2/share/go2_navigation2/hook/cmake_prefix_path.sh'
[21.151s] [34mcolcon.colcon_core.environment[0m [1;30mLevel 1[0m checking '/home/unitree/new_daohan/go2-nav2-amcl/src/install/go2_navigation2/lib'
[21.151s] [34mcolcon.colcon_core.environment[0m [1;30mLevel 1[0m checking '/home/unitree/new_daohan/go2-nav2-amcl/src/install/go2_navigation2/bin'
[21.151s] [34mcolcon.colcon_core.environment[0m [1;30mLevel 1[0m checking '/home/unitree/new_daohan/go2-nav2-amcl/src/install/go2_navigation2/lib/pkgconfig/go2_navigation2.pc'
[21.152s] [34mcolcon.colcon_core.environment[0m [1;30mLevel 1[0m checking '/home/unitree/new_daohan/go2-nav2-amcl/src/install/go2_navigation2/lib/python3.8/site-packages'
[21.152s] [34mcolcon.colcon_core.environment[0m [1;30mLevel 1[0m checking '/home/unitree/new_daohan/go2-nav2-amcl/src/install/go2_navigation2/bin'
[21.249s] [34mcolcon.colcon_core.shell[0m [1;30mINFO[0m Creating package script '/home/unitree/new_daohan/go2-nav2-amcl/src/install/go2_navigation2/share/go2_navigation2/package.ps1'
[21.251s] [34mcolcon.colcon_core.shell[0m [1;30mINFO[0m Creating package descriptor '/home/unitree/new_daohan/go2-nav2-amcl/src/install/go2_navigation2/share/go2_navigation2/package.dsv'
[21.252s] [34mcolcon.colcon_core.shell[0m [1;30mINFO[0m Creating package script '/home/unitree/new_daohan/go2-nav2-amcl/src/install/go2_navigation2/share/go2_navigation2/package.sh'
[21.253s] [34mcolcon.colcon_core.shell[0m [1;30mINFO[0m Creating package script '/home/unitree/new_daohan/go2-nav2-amcl/src/install/go2_navigation2/share/go2_navigation2/package.bash'
[21.254s] [34mcolcon.colcon_core.shell[0m [1;30mINFO[0m Creating package script '/home/unitree/new_daohan/go2-nav2-amcl/src/install/go2_navigation2/share/go2_navigation2/package.zsh'
[21.255s] [34mcolcon.colcon_core.environment[0m [1;30mLevel 1[0m create_file_with_runtime_dependencies(/home/unitree/new_daohan/go2-nav2-amcl/src/install/go2_navigation2/share/colcon-core/packages/go2_navigation2)
[21.261s] [34mcolcon.colcon_core.event_handler.log_command[0m [1;30mDEBUG[0m [32mInvoked command in '/home/unitree/new_daohan/go2-nav2-amcl/src/build/go2_driver' returned '0': CMAKE_PREFIX_PATH=${CMAKE_PREFIX_PATH}:/opt/ros/foxy /usr/local/bin/cmake /home/unitree/new_daohan/go2-nav2-amcl/src/base/go2_driver -DCMAKE_INSTALL_PREFIX=/home/unitree/new_daohan/go2-nav2-amcl/src/install/go2_driver[0m
[21.263s] [34mcolcon.colcon_core.event_handler.log_command[0m [1;30mDEBUG[0m [32mInvoking command in '/home/unitree/new_daohan/go2-nav2-amcl/src/build/go2_driver': CMAKE_PREFIX_PATH=${CMAKE_PREFIX_PATH}:/opt/ros/foxy /usr/local/bin/cmake --build /home/unitree/new_daohan/go2-nav2-amcl/src/build/go2_driver -- -j6 -l6[0m
[21.282s] [34mcolcon.colcon_core.event_handler.log_command[0m [1;30mDEBUG[0m [32mInvoked command in '/home/unitree/new_daohan/go2-nav2-amcl/src/build/go2_core' returned '0': CMAKE_PREFIX_PATH=${CMAKE_PREFIX_PATH}:/opt/ros/foxy /usr/local/bin/cmake /home/unitree/new_daohan/go2-nav2-amcl/src/base/go2_core -DCMAKE_INSTALL_PREFIX=/home/unitree/new_daohan/go2-nav2-amcl/src/install/go2_core[0m
[21.291s] [34mcolcon.colcon_core.event_handler.log_command[0m [1;30mDEBUG[0m [32mInvoking command in '/home/unitree/new_daohan/go2-nav2-amcl/src/build/go2_core': CMAKE_PREFIX_PATH=${CMAKE_PREFIX_PATH}:/opt/ros/foxy /usr/local/bin/cmake --build /home/unitree/new_daohan/go2-nav2-amcl/src/build/go2_core -- -j6 -l6[0m
[21.330s] [34mcolcon.colcon_core.event_handler.log_command[0m [1;30mDEBUG[0m [32mInvoked command in '/home/unitree/new_daohan/go2-nav2-amcl/src/build/go2_perception' returned '0': CMAKE_PREFIX_PATH=${CMAKE_PREFIX_PATH}:/opt/ros/foxy /usr/local/bin/cmake /home/unitree/new_daohan/go2-nav2-amcl/src/go2_perception -DCMAKE_INSTALL_PREFIX=/home/unitree/new_daohan/go2-nav2-amcl/src/install/go2_perception[0m
[21.338s] [34mcolcon.colcon_core.event_handler.log_command[0m [1;30mDEBUG[0m [32mInvoking command in '/home/unitree/new_daohan/go2-nav2-amcl/src/build/go2_perception': CMAKE_PREFIX_PATH=${CMAKE_PREFIX_PATH}:/opt/ros/foxy /usr/local/bin/cmake --build /home/unitree/new_daohan/go2-nav2-amcl/src/build/go2_perception -- -j6 -l6[0m
[21.468s] [34mcolcon.colcon_core.event_handler.log_command[0m [1;30mDEBUG[0m [32mInvoked command in '/home/unitree/new_daohan/go2-nav2-amcl/src/build/go2_core' returned '0': CMAKE_PREFIX_PATH=${CMAKE_PREFIX_PATH}:/opt/ros/foxy /usr/local/bin/cmake --build /home/unitree/new_daohan/go2-nav2-amcl/src/build/go2_core -- -j6 -l6[0m
[21.470s] [34mcolcon.colcon_core.event_handler.log_command[0m [1;30mDEBUG[0m [32mInvoking command in '/home/unitree/new_daohan/go2-nav2-amcl/src/build/go2_core': CMAKE_PREFIX_PATH=${CMAKE_PREFIX_PATH}:/opt/ros/foxy /usr/local/bin/cmake --install /home/unitree/new_daohan/go2-nav2-amcl/src/build/go2_core[0m
[21.529s] [34mcolcon.colcon_core.environment[0m [1;30mLevel 1[0m create_environment_scripts_only(go2_core)
[21.530s] [34mcolcon.colcon_core.event_handler.log_command[0m [1;30mDEBUG[0m [32mInvoked command in '/home/unitree/new_daohan/go2-nav2-amcl/src/build/go2_core' returned '0': CMAKE_PREFIX_PATH=${CMAKE_PREFIX_PATH}:/opt/ros/foxy /usr/local/bin/cmake --install /home/unitree/new_daohan/go2-nav2-amcl/src/build/go2_core[0m
[22.140s] [34mcolcon.colcon_core.environment[0m [1;30mLevel 1[0m checking '/home/unitree/new_daohan/go2-nav2-amcl/src/install/go2_core' for CMake module files
[22.141s] [34mcolcon.colcon_core.environment[0m [1;30mLevel 1[0m checking '/home/unitree/new_daohan/go2-nav2-amcl/src/install/go2_core' for CMake config files
[22.158s] [34mcolcon.colcon_core.shell[0m [1;30mLevel 1[0m create_environment_hook('go2_core', 'cmake_prefix_path')
[22.643s] [34mcolcon.colcon_core.shell[0m [1;30mINFO[0m Creating environment hook '/home/unitree/new_daohan/go2-nav2-amcl/src/install/go2_core/share/go2_core/hook/cmake_prefix_path.ps1'
[22.654s] [34mcolcon.colcon_core.shell[0m [1;30mINFO[0m Creating environment descriptor '/home/unitree/new_daohan/go2-nav2-amcl/src/install/go2_core/share/go2_core/hook/cmake_prefix_path.dsv'
[22.655s] [34mcolcon.colcon_core.shell[0m [1;30mINFO[0m Creating environment hook '/home/unitree/new_daohan/go2-nav2-amcl/src/install/go2_core/share/go2_core/hook/cmake_prefix_path.sh'
[22.660s] [34mcolcon.colcon_core.environment[0m [1;30mLevel 1[0m checking '/home/unitree/new_daohan/go2-nav2-amcl/src/install/go2_core/bin'
[22.660s] [34mcolcon.colcon_core.environment[0m [1;30mLevel 1[0m checking '/home/unitree/new_daohan/go2-nav2-amcl/src/install/go2_core/lib/pkgconfig/go2_core.pc'
[22.661s] [34mcolcon.colcon_core.environment[0m [1;30mLevel 1[0m checking '/home/unitree/new_daohan/go2-nav2-amcl/src/install/go2_core/lib/python3.8/site-packages'
[22.661s] [34mcolcon.colcon_core.environment[0m [1;30mLevel 1[0m checking '/home/unitree/new_daohan/go2-nav2-amcl/src/install/go2_core/bin'
[23.001s] [34mcolcon.colcon_core.shell[0m [1;30mINFO[0m Creating package script '/home/unitree/new_daohan/go2-nav2-amcl/src/install/go2_core/share/go2_core/package.ps1'
[23.015s] [34mcolcon.colcon_core.shell[0m [1;30mINFO[0m Creating package descriptor '/home/unitree/new_daohan/go2-nav2-amcl/src/install/go2_core/share/go2_core/package.dsv'
[23.018s] [34mcolcon.colcon_core.shell[0m [1;30mINFO[0m Creating package script '/home/unitree/new_daohan/go2-nav2-amcl/src/install/go2_core/share/go2_core/package.sh'
[23.020s] [34mcolcon.colcon_core.shell[0m [1;30mINFO[0m Creating package script '/home/unitree/new_daohan/go2-nav2-amcl/src/install/go2_core/share/go2_core/package.bash'
[23.021s] [34mcolcon.colcon_core.shell[0m [1;30mINFO[0m Creating package script '/home/unitree/new_daohan/go2-nav2-amcl/src/install/go2_core/share/go2_core/package.zsh'
[23.022s] [34mcolcon.colcon_core.environment[0m [1;30mLevel 1[0m create_file_with_runtime_dependencies(/home/unitree/new_daohan/go2-nav2-amcl/src/install/go2_core/share/colcon-core/packages/go2_core)
[23.458s] [34mcolcon.colcon_core.environment[0m [1;30mLevel 1[0m create_environment_scripts_only(go2_core)
[23.792s] [34mcolcon.colcon_core.environment[0m [1;30mLevel 1[0m checking '/home/unitree/new_daohan/go2-nav2-amcl/src/install/go2_core' for CMake module files
[23.794s] [34mcolcon.colcon_core.environment[0m [1;30mLevel 1[0m checking '/home/unitree/new_daohan/go2-nav2-amcl/src/install/go2_core' for CMake config files
[23.795s] [34mcolcon.colcon_core.shell[0m [1;30mLevel 1[0m create_environment_hook('go2_core', 'cmake_prefix_path')
[24.010s] [34mcolcon.colcon_core.shell[0m [1;30mINFO[0m Creating environment hook '/home/unitree/new_daohan/go2-nav2-amcl/src/install/go2_core/share/go2_core/hook/cmake_prefix_path.ps1'
[24.013s] [34mcolcon.colcon_core.shell[0m [1;30mINFO[0m Creating environment descriptor '/home/unitree/new_daohan/go2-nav2-amcl/src/install/go2_core/share/go2_core/hook/cmake_prefix_path.dsv'
[24.014s] [34mcolcon.colcon_core.shell[0m [1;30mINFO[0m Creating environment hook '/home/unitree/new_daohan/go2-nav2-amcl/src/install/go2_core/share/go2_core/hook/cmake_prefix_path.sh'
[24.016s] [34mcolcon.colcon_core.environment[0m [1;30mLevel 1[0m checking '/home/unitree/new_daohan/go2-nav2-amcl/src/install/go2_core/bin'
[24.017s] [34mcolcon.colcon_core.environment[0m [1;30mLevel 1[0m checking '/home/unitree/new_daohan/go2-nav2-amcl/src/install/go2_core/lib/pkgconfig/go2_core.pc'
[24.018s] [34mcolcon.colcon_core.environment[0m [1;30mLevel 1[0m checking '/home/unitree/new_daohan/go2-nav2-amcl/src/install/go2_core/lib/python3.8/site-packages'
[24.021s] [34mcolcon.colcon_core.environment[0m [1;30mLevel 1[0m checking '/home/unitree/new_daohan/go2-nav2-amcl/src/install/go2_core/bin'
[24.356s] [34mcolcon.colcon_core.shell[0m [1;30mINFO[0m Creating package script '/home/unitree/new_daohan/go2-nav2-amcl/src/install/go2_core/share/go2_core/package.ps1'
[24.358s] [34mcolcon.colcon_core.shell[0m [1;30mINFO[0m Creating package descriptor '/home/unitree/new_daohan/go2-nav2-amcl/src/install/go2_core/share/go2_core/package.dsv'
[24.359s] [34mcolcon.colcon_core.shell[0m [1;30mINFO[0m Creating package script '/home/unitree/new_daohan/go2-nav2-amcl/src/install/go2_core/share/go2_core/package.sh'
[24.371s] [34mcolcon.colcon_core.shell[0m [1;30mINFO[0m Creating package script '/home/unitree/new_daohan/go2-nav2-amcl/src/install/go2_core/share/go2_core/package.bash'
[24.372s] [34mcolcon.colcon_core.shell[0m [1;30mINFO[0m Creating package script '/home/unitree/new_daohan/go2-nav2-amcl/src/install/go2_core/share/go2_core/package.zsh'
[24.373s] [34mcolcon.colcon_core.environment[0m [1;30mLevel 1[0m create_file_with_runtime_dependencies(/home/unitree/new_daohan/go2-nav2-amcl/src/install/go2_core/share/colcon-core/packages/go2_core)
[26.209s] [34mcolcon.colcon_core.event_handler.log_command[0m [1;30mDEBUG[0m [32mInvoked command in '/home/unitree/new_daohan/go2-nav2-amcl/src/build/go2_twist_bridge' returned '0': CMAKE_PREFIX_PATH=${CMAKE_PREFIX_PATH}:/opt/ros/foxy /usr/local/bin/cmake /home/unitree/new_daohan/go2-nav2-amcl/src/base/go2_twist_bridge -DCMAKE_INSTALL_PREFIX=/home/unitree/new_daohan/go2-nav2-amcl/src/install/go2_twist_bridge[0m
[26.211s] [34mcolcon.colcon_core.event_handler.log_command[0m [1;30mDEBUG[0m [32mInvoking command in '/home/unitree/new_daohan/go2-nav2-amcl/src/build/go2_twist_bridge': CMAKE_PREFIX_PATH=${CMAKE_PREFIX_PATH}:/opt/ros/foxy /usr/local/bin/cmake --build /home/unitree/new_daohan/go2-nav2-amcl/src/build/go2_twist_bridge -- -j6 -l6[0m
[43.808s] [34mcolcon.colcon_core.event_handler.log_command[0m [1;30mDEBUG[0m [32mInvoked command in '/home/unitree/new_daohan/go2-nav2-amcl/src/build/go2_perception' returned '2': CMAKE_PREFIX_PATH=${CMAKE_PREFIX_PATH}:/opt/ros/foxy /usr/local/bin/cmake --build /home/unitree/new_daohan/go2-nav2-amcl/src/build/go2_perception -- -j6 -l6[0m
[44.342s] [34mcolcon.colcon_core.environment[0m [1;30mLevel 1[0m create_environment_scripts_only(go2_perception)
[44.739s] [34mcolcon.colcon_core.environment[0m [1;30mLevel 1[0m checking '/home/unitree/new_daohan/go2-nav2-amcl/src/install/go2_perception' for CMake module files
[44.742s] [34mcolcon.colcon_core.environment[0m [1;30mLevel 1[0m checking '/home/unitree/new_daohan/go2-nav2-amcl/src/install/go2_perception' for CMake config files
[44.745s] [34mcolcon.colcon_core.environment[0m [1;30mLevel 1[0m checking '/home/unitree/new_daohan/go2-nav2-amcl/src/install/go2_perception/bin'
[44.746s] [34mcolcon.colcon_core.environment[0m [1;30mLevel 1[0m checking '/home/unitree/new_daohan/go2-nav2-amcl/src/install/go2_perception/lib/pkgconfig/go2_perception.pc'
[44.749s] [34mcolcon.colcon_core.environment[0m [1;30mLevel 1[0m checking '/home/unitree/new_daohan/go2-nav2-amcl/src/install/go2_perception/lib/python3.8/site-packages'
[44.751s] [34mcolcon.colcon_core.environment[0m [1;30mLevel 1[0m checking '/home/unitree/new_daohan/go2-nav2-amcl/src/install/go2_perception/bin'
[44.994s] [34mcolcon.colcon_core.shell[0m [1;30mINFO[0m Creating package script '/home/unitree/new_daohan/go2-nav2-amcl/src/install/go2_perception/share/go2_perception/package.ps1'
[45.002s] [34mcolcon.colcon_core.shell[0m [1;30mINFO[0m Creating package descriptor '/home/unitree/new_daohan/go2-nav2-amcl/src/install/go2_perception/share/go2_perception/package.dsv'
[45.005s] [34mcolcon.colcon_core.shell[0m [1;30mINFO[0m Creating package script '/home/unitree/new_daohan/go2-nav2-amcl/src/install/go2_perception/share/go2_perception/package.sh'
[45.008s] [34mcolcon.colcon_core.shell[0m [1;30mINFO[0m Creating package script '/home/unitree/new_daohan/go2-nav2-amcl/src/install/go2_perception/share/go2_perception/package.bash'
[45.011s] [34mcolcon.colcon_core.shell[0m [1;30mINFO[0m Creating package script '/home/unitree/new_daohan/go2-nav2-amcl/src/install/go2_perception/share/go2_perception/package.zsh'
[45.013s] [34mcolcon.colcon_core.environment[0m [1;30mLevel 1[0m create_file_with_runtime_dependencies(/home/unitree/new_daohan/go2-nav2-amcl/src/install/go2_perception/share/colcon-core/packages/go2_perception)
[53.089s] [34mcolcon.colcon_parallel_executor.executor.parallel[0m [1;30mDEBUG[0m [32mclosing loop[0m
[53.089s] [34mcolcon.colcon_parallel_executor.executor.parallel[0m [1;30mDEBUG[0m [32mloop closed[0m
[53.089s] [34mcolcon.colcon_parallel_executor.executor.parallel[0m [1;30mDEBUG[0m [32mrun_until_complete finished with '2'[0m
[53.090s] [34mcolcon.colcon_core.event_reactor[0m [1;30mDEBUG[0m [32mjoining thread[0m
[53.306s] [34mcolcon.colcon_core.plugin_system[0m [1;30mINFO[0m Skipping extension 'colcon_notification.desktop_notification.terminal_notifier': Not used on non-Darwin systems
[53.307s] [34mcolcon.colcon_core.plugin_system[0m [1;30mINFO[0m Skipping extension 'colcon_notification.desktop_notification.win32': Not used on non-Windows systems
[53.307s] [34mcolcon.colcon_notification.desktop_notification[0m [1;30mINFO[0m Sending desktop notification using 'notify2'
[53.360s] [34mcolcon.colcon_core.event_reactor[0m [1;30mDEBUG[0m [32mjoined thread[0m
[53.550s] [34mcolcon.colcon_core.shell[0m [1;30mINFO[0m Creating prefix script '/home/unitree/new_daohan/go2-nav2-amcl/src/install/local_setup.ps1'
[53.556s] [34mcolcon.colcon_core.shell[0m [1;30mINFO[0m Creating prefix util module '/home/unitree/new_daohan/go2-nav2-amcl/src/install/_local_setup_util_ps1.py'
[53.560s] [34mcolcon.colcon_core.shell[0m [1;30mINFO[0m Creating prefix chain script '/home/unitree/new_daohan/go2-nav2-amcl/src/install/setup.ps1'
[53.689s] [34mcolcon.colcon_core.shell[0m [1;30mINFO[0m Creating prefix script '/home/unitree/new_daohan/go2-nav2-amcl/src/install/local_setup.sh'
[53.690s] [34mcolcon.colcon_core.shell[0m [1;30mINFO[0m Creating prefix util module '/home/unitree/new_daohan/go2-nav2-amcl/src/install/_local_setup_util_sh.py'
[53.691s] [34mcolcon.colcon_core.shell[0m [1;30mINFO[0m Creating prefix chain script '/home/unitree/new_daohan/go2-nav2-amcl/src/install/setup.sh'
[53.832s] [34mcolcon.colcon_core.shell[0m [1;30mINFO[0m Creating prefix script '/home/unitree/new_daohan/go2-nav2-amcl/src/install/local_setup.bash'
[53.834s] [34mcolcon.colcon_core.shell[0m [1;30mINFO[0m Creating prefix chain script '/home/unitree/new_daohan/go2-nav2-amcl/src/install/setup.bash'
[53.928s] [34mcolcon.colcon_core.shell[0m [1;30mINFO[0m Creating prefix script '/home/unitree/new_daohan/go2-nav2-amcl/src/install/local_setup.zsh'
[53.929s] [34mcolcon.colcon_core.shell[0m [1;30mINFO[0m Creating prefix chain script '/home/unitree/new_daohan/go2-nav2-amcl/src/install/setup.zsh'
